    Checking log v0.4.33
    Checking zeroize v1.9.0
    Checking futures-io v0.3.34
    Checking subtle v2.6.1
    Checking getrandom v0.2.17
    Checking allocator-api2 v0.2.21
    Checking libm v0.2.16
    Checking ryu v1.0.23
    Checking futures-util v0.3.34
    Checking mio v1.2.2
    Checking tracing v0.1.44
   Compiling time-core v0.1.9
   Compiling num-conv v0.2.2
    Checking rand_core v0.6.4
    Checking powerfmt v0.2.0
    Checking deranged v0.5.8
    Checking hashbrown v0.17.1
   Compiling time-macros v0.2.32
    Checking tokio v1.53.1
    Checking const-oid v0.9.6
    Checking generic-array v0.14.9
    Checking serde v1.0.229
    Checking indexmap v2.14.0
    Checking num-traits v0.2.19
    Checking bitflags v2.13.1
    Checking block-buffer v0.10.4
    Checking crypto-common v0.1.6
    Checking getrandom v0.4.3
    Checking digest v0.10.7
    Checking rustls-pki-types v1.15.1
   Compiling fnv v1.0.7
   Compiling strsim v0.11.1
    Checking zerofrom v0.1.8
    Checking num-integer v0.1.47
    Checking crypto-common v0.2.2
    Checking http v0.2.12
    Checking untrusted v0.7.1
    Checking openssl-probe v0.2.1
    Checking stable_deref_trait v1.2.1
    Checking aws-lc-rs v1.18.0
    Checking zerocopy v0.8.56
    Checking yoke v0.8.3
    Checking time v0.3.55
    Checking form_urlencoded v1.2.2
    Checking sync_wrapper v1.0.2
    Checking base64ct v1.8.3
    Checking http-body v0.4.6
    Checking either v1.17.0
    Checking zerovec v0.11.7
    Checking vsimd v0.8.0
    Checking outref v0.5.2
    Checking bytes-utils v0.1.4
    Checking pem-rfc7468 v0.7.0
    Checking pin-utils v0.1.0
    Checking base64-simd v0.8.0
    Checking der v0.7.10
    Checking zmij v1.0.23
    Checking foreign-types-shared v0.1.1
    Checking foreign-types v0.3.2
    Checking rustls-webpki v0.103.14
    Checking tinystr v0.8.4
    Checking ring v0.17.14
    Checking serde_json v1.0.151
    Checking openssl-sys v0.9.117
    Checking rustls v0.23.43
    Checking rustls-native-certs v0.8.4
    Checking litemap v0.8.3
    Checking spki v0.7.3
    Checking writeable v0.6.4
    Checking lock_api v0.4.14
    Checking pkcs8 v0.10.2
    Checking openssl v0.10.81
    Checking icu_locale_core v2.3.0
    Checking parking_lot_core v0.9.12
    Checking potential_utf v0.1.6
   Compiling anyhow v1.0.104
    Checking zerotrie v0.2.5
    Checking utf8_iter v1.0.4
    Checking icu_collections v2.3.0
    Checking parking_lot v0.12.5
    Checking tokio-util v0.7.19
    Checking aws-smithy-async v1.3.0
   Compiling prost-derive v0.14.4
    Checking icu_provider v2.3.0
    Checking serde_urlencoded v0.7.1
   Compiling darling_core v0.20.11
    Checking h2 v0.4.19
    Checking tower v0.5.3
    Checking ppv-lite86 v0.2.21
    Checking aws-smithy-types v1.6.2
    Checking rand_chacha v0.3.1
    Checking rand v0.8.7
    Checking spin v0.9.9
    Checking aws-smithy-runtime-api v1.14.0
    Checking adler2 v2.0.1
    Checking simd-adler32 v0.3.10
    Checking miniz_oxide v0.8.9
    Checking digest v0.11.3
    Checking lazy_static v1.5.0
    Checking thiserror v2.0.20
    Checking icu_normalizer_data v2.3.0
    Checking tokio-rustls v0.26.4
    Checking icu_properties_data v2.3.0
    Checking icu_normalizer v2.3.0
    Checking icu_properties v2.3.0
    Checking getrandom v0.3.4
    Checking tokio-stream v0.1.19
    Checking hmac v0.12.1
   Compiling typenum v1.20.1
   Compiling prost v0.14.4
    Checking rustls-platform-verifier v0.7.0
    Checking rustls-webpki v0.101.7
    Checking sct v0.7.1
    Checking axum-core v0.5.6
   Compiling darling_core v0.21.3
    Checking signature v2.2.0
    Checking ff v0.13.1
    Checking serde_path_to_error v0.1.20
    Checking thread_local v1.1.10
    Checking base16ct v0.2.0
    Checking idna_adapter v1.2.2
    Checking cpufeatures v0.2.17
   Compiling tempfile v3.27.0
   Compiling darling_macro v0.20.11
    Checking idna v1.1.0
    Checking sec1 v0.7.3
   Compiling hybrid-array v0.4.14
    Checking group v0.13.0
    Checking rustls v0.21.12
   Compiling darling v0.20.11
   Compiling prost-types v0.14.4
   Compiling derive_builder_core v0.20.2
    Checking aws-smithy-schema v0.2.0
    Checking libz-ng-sys v1.1.29
    Checking crc32fast v1.5.0
    Checking hkdf v0.12.4
    Checking zstd-sys v2.0.16+zstd.1.5.7
    Checking sha2 v0.11.0
    Checking h2 v0.3.27
    Checking crypto-bigint v0.5.5
    Checking hyper v1.11.0
   Compiling derive_builder_macro v0.20.2
    Checking socket2 v0.5.10
    Checking aho-corasick v1.1.5
    Checking hex v0.4.3
    Checking gimli v0.32.3
    Checking arrayvec v0.7.8
    Checking regex-syntax v0.8.11
    Checking minimal-lexical v0.2.1
    Checking iana-time-zone v0.1.65
    Checking alloc-no-stdlib v2.0.4
    Checking nom v7.1.3
    Checking alloc-stdlib v0.2.4
   Compiling prost-build v0.14.4
   Compiling darling_macro v0.21.3
    Checking chrono v0.4.45
    Checking hyper-util v0.1.20
   Compiling darling v0.21.3
    Checking elliptic-curve v0.13.8
    Checking tokio-rustls v0.24.1
    Checking derive_builder v0.20.2
    Checking zstd-safe v7.2.4
    Checking trackable v1.3.0
    Checking regex-automata v0.4.18
    Checking flate2 v1.1.9
   Compiling block-buffer v0.12.1
    Checking url v2.5.8
    Checking addr2line v0.25.1
    Checking crossbeam-utils v0.8.22
    Checking object v0.37.3
    Checking axum v0.8.9
    Checking hyper-rustls v0.27.9
    Checking rand_core v0.9.5
   Compiling neli-proc-macros v0.2.2
   Compiling mime_guess v2.0.5
    Checking futures-executor v0.3.34
    Checking hyper v0.14.32
    Checking hashbrown v0.16.1
    Checking pingora-error v0.8.1
    Checking fixedbitset v0.5.7
    Checking rustc-demangle v0.1.28
    Checking unicase v2.9.0
    Checking winnow v1.0.4
   Compiling const-oid v0.10.2
    Checking neli v0.7.4
    Checking toml_parser v1.1.3+spec-1.1.0
    Checking lru v0.16.4
    Checking petgraph v0.7.1
    Checking pingora-http v0.8.1
    Checking thiserror v1.0.69
    Checking pin-project v1.1.13
    Checking futures v0.3.34
    Checking rand_chacha v0.9.0
    Checking crossbeam-queue v0.3.13
   Compiling tonic-prost-build v0.14.6
    Checking hyper-timeout v0.5.2
    Checking rusticata-macros v4.1.0
    Checking zstd v0.13.3
    Checking memoffset v0.6.5
    Checking rust_decimal v1.42.1
    Checking tokio-openssl v0.6.5
   Compiling dsl_auto_type v0.2.0
    Checking protobuf v2.28.0
    Checking brotli-decompressor v2.5.1
    Checking native-tls v0.2.18
    Checking sha2 v0.10.9
    Checking backtrace v0.3.76
    Checking pingora-timeout v0.8.1
    Checking aws-credential-types v1.3.0
    Checking aws-smithy-http v0.64.0
    Checking rfc6979 v0.4.0
    Checking hmac v0.13.0
   Compiling toml_datetime v0.7.5+spec-1.1.0
    Checking num-bigint v0.4.8
    Checking blake2 v0.10.6
    Checking serde_spanned v1.1.1
   Compiling same-file v1.0.6
   Compiling winnow v0.7.15
    Checking unsafe-libyaml v0.2.11
    Checking bitflags v1.3.2
   Compiling cpufeatures v0.3.0
    Checking nix v0.24.3
    Checking tonic v0.14.6
    Checking hyper-rustls v0.24.2
    Checking serde_yaml v0.9.34+deprecated
    Checking aws-smithy-http-client v1.3.0
    Checking walkdir v2.5.0
   Compiling diesel_derives v2.3.9
    Checking prometheus v0.13.4
    Checking asn1-rs v0.7.2
    Checking brotli v3.5.0
    Checking clap v4.6.6
    Checking ecdsa v0.16.9
   Compiling toml v0.9.12+spec-1.1.0
    Checking strum v0.26.3
    Checking cf-rustracing v1.2.1
    Checking pingora-pool v0.8.1
    Checking local-ip-address v0.6.13
    Checking tokio-native-tls v0.3.1
    Checking sfv v0.10.4
    Checking daggy v0.8.1
   Compiling nullnet-grpc-lib v0.1.0 (/root/nullnet-policy-integration-20260929/members/nullnet-grpc-lib)
    Checking pingora-openssl v0.8.1
    Checking rand v0.9.5
    Checking ahash v0.8.12
    Checking bstr v1.13.1
    Checking regex v1.13.1
    Checking cipher v0.5.2
    Checking tower-http v0.6.11
    Checking thrift_codec v0.3.2
    Checking libsqlite3-sys v0.38.2
    Checking primeorder v0.13.6
    Checking pingora-runtime v0.8.1
    Checking tokio-test v0.4.5
    Checking aws-smithy-observability v0.3.0
    Checking arc-swap v1.9.2
    Checking universal-hash v0.6.1
    Checking num-iter v0.1.46
    Checking rmp v0.8.15
    Checking pem v3.0.6
    Checking hostname v0.4.2
    Checking daemonize v0.5.0
    Checking encoding_rs v0.8.35
    Checking downcast-rs v2.0.2
    Checking hashbrown v0.12.3
   Compiling mime v0.3.17
    Checking openssl-probe v0.1.6
    Checking fastrand v2.5.0
    Checking tonic-prost v0.14.6
    Checking rmp-serde v1.3.1
    Checking aws-smithy-runtime v1.13.1
    Checking indexmap v1.9.3
    Checking cf-rustracing-jaeger v1.2.2
    Checking pingora-core v0.8.1
    Checking curve25519-dalek v4.1.3
    Checking num-bigint-dig v0.8.6
    Checking polyval v0.7.3
    Checking nix v0.31.3
   Compiling migrations_internals v2.3.0
    Checking hyper-tls v0.6.0
    Checking aws-types v1.5.0
   Compiling rust-embed-utils v8.12.0
    Checking inotify-sys v0.1.8
    Checking aws-sigv4 v1.5.1
    Checking pingora-header-serde v0.8.1
    Checking pingora-lru v0.8.1
    Checking ed25519 v2.2.3
    Checking pkcs1 v0.7.5
    Checking yasna v0.6.0
    Checking chacha20 v0.10.1
    Checking uuid v1.24.1
    Checking ipnetwork v0.21.1
    Checking xmlparser v0.13.6
    Checking rand v0.10.2
    Checking maxminddb v0.27.3
    Checking rsa v0.9.10
    Checking aws-smithy-xml v0.62.0
    Checking rcgen v0.14.9
    Checking ed25519-dalek v2.2.0
   Compiling rust-embed-impl v8.12.0
    Checking inotify v0.11.5
    Checking ctrlc v3.5.2
    Checking reqwest v0.12.28
   Compiling migrations_macros v2.3.0
    Checking aws-runtime v1.9.1
    Checking ghash v0.6.0
    Checking cookie v0.18.2
    Checking fs-err v3.3.1
    Checking oid-registry v0.8.1
    Checking p384 v0.13.1
    Checking p256 v0.13.2
    Checking aes v0.9.2
    Checking ctr v0.10.1
    Checking der-parser v10.0.0
    Checking diesel v2.3.12
    Checking simple_asn1 v0.6.4
    Checking aead v0.6.1
    Checking aws-smithy-json v0.63.0
    Checking sha1 v0.11.0
    Checking password-hash v0.5.0
    Checking notify-types v2.1.0
    Checking nullnet-liberror v0.1.1
    Checking toml_datetime v1.1.1+spec-1.1.0
    Checking pingora-cache v0.8.1
   Compiling nullnet-server v0.1.0 (/root/nullnet-policy-integration-20260929/members/nullnet-server)
    Checking data-encoding v2.11.1
    Checking constant_time_eq v0.4.2
    Checking toml_writer v1.1.2+spec-1.1.0
    Checking base32 v0.5.1
    Checking regex-lite v0.1.9
    Checking totp-rs v6.0.0
    Checking toml v1.1.4+spec-1.1.0
    Checking x509-parser v0.18.1
    Checking argon2 v0.5.3
    Checking aws-sdk-route53 v1.119.0
    Checking nullnet-libipinfo v0.2.1
    Checking notify v8.2.0
    Checking jsonwebtoken v11.0.0
    Checking aes-gcm v0.11.0
    Checking pingora-proxy v0.8.1
    Checking rust-embed v8.12.0
    Checking axum-server v0.8.0
    Checking axum-extra v0.12.6
    Checking instant-acme v0.8.5
    Checking reqwest v0.13.4
    Checking rpn-predicate-interpreter v0.1.0 (https://github.com/GyulyVGC/postfix-predicate-interpreter.git?branch=appguard#94bc5411)
    Checking quick-xml v0.41.0
    Checking base64 v0.23.1
    Checking nullnet-proxy v0.1.0 (/root/nullnet-policy-integration-20260929/members/nullnet-proxy)
    Checking diesel_migrations v2.3.2
    Checking diesel-async v0.9.2
    Finished `dev` profile [unoptimized + debuginfo] target(s) in 25.99s
