   Compiling log v0.4.33
   Compiling syn v2.0.119
   Compiling syn v3.0.3
   Compiling futures-io v0.3.34
   Compiling subtle v2.6.1
   Compiling getrandom v0.2.17
   Compiling allocator-api2 v0.2.21
   Compiling libm v0.2.16
   Compiling mio v1.2.2
   Compiling num-traits v0.2.19
   Compiling version_check v0.9.5
   Compiling serde v1.0.229
   Compiling hashbrown v0.17.1
   Compiling ryu v1.0.23
   Compiling generic-array v0.14.9
   Compiling time-core v0.1.9
   Compiling num-conv v0.2.2
   Compiling rand_core v0.6.4
   Compiling const-oid v0.9.6
   Compiling time-macros v0.2.32
   Compiling powerfmt v0.2.0
   Compiling deranged v0.5.8
   Compiling vcpkg v0.2.15
   Compiling getrandom v0.4.3
   Compiling indexmap v2.14.0
   Compiling either v1.17.0
   Compiling bitflags v2.13.1
   Compiling aws-lc-rs v1.18.0
   Compiling ident_case v1.0.1
   Compiling zerocopy v0.8.56
   Compiling crypto-common v0.2.2
   Compiling openssl-src v300.6.1+3.6.3
   Compiling num-integer v0.1.47
   Compiling http v0.2.12
   Compiling time v0.3.55
   Compiling untrusted v0.7.1
   Compiling openssl-probe v0.2.1
   Compiling stable_deref_trait v1.2.1
   Compiling openssl-sys v0.9.117
   Compiling form_urlencoded v1.2.2
   Compiling sync_wrapper v1.0.2
   Compiling base64ct v1.8.3
   Compiling http-body v0.4.6
   Compiling serde_core v1.0.229
   Compiling unicase v2.9.0
   Compiling rustls v0.23.43
   Compiling ring v0.17.14
   Compiling outref v0.5.2
   Compiling zmij v1.0.23
   Compiling vsimd v0.8.0
   Compiling synstructure v0.13.2
   Compiling base64-simd v0.8.0
   Compiling bytes-utils v0.1.4
   Compiling pem-rfc7468 v0.7.0
   Compiling tokio-macros v2.7.2
   Compiling futures-macro v0.3.34
   Compiling serde_derive v1.0.229
   Compiling zeroize_derive v1.5.0
   Compiling tokio v1.53.1
   Compiling zeroize v1.9.0
   Compiling tracing-attributes v0.1.31
   Compiling futures-util v0.3.34
   Compiling block-buffer v0.10.4
   Compiling crypto-common v0.1.6
   Compiling digest v0.10.7
   Compiling rustls-pki-types v1.15.1
   Compiling zerofrom-derive v0.1.7
   Compiling tracing v0.1.44
   Compiling displaydoc v0.2.7
   Compiling yoke-derive v0.8.2
   Compiling zerofrom v0.1.8
   Compiling zerovec-derive v0.11.5
   Compiling yoke v0.8.3
   Compiling ppv-lite86 v0.2.21
   Compiling serde_json v1.0.151
   Compiling pin-utils v0.1.0
   Compiling der v0.7.10
   Compiling aws-smithy-runtime-api-macros v1.1.0
   Compiling rustls-webpki v0.103.14
   Compiling zerovec v0.11.7
   Compiling foreign-types-shared v0.1.1
   Compiling openssl v0.10.81
   Compiling parking_lot_core v0.9.12
   Compiling foreign-types v0.3.2
   Compiling spki v0.7.3
   Compiling tokio-util v0.7.19
   Compiling aws-smithy-async v1.3.0
   Compiling tinystr v0.8.4
   Compiling rand_chacha v0.3.1
   Compiling h2 v0.4.19
   Compiling tower v0.5.3
   Compiling aws-smithy-types v1.6.2
   Compiling rustls-native-certs v0.8.4
   Compiling openssl-macros v0.1.1
   Compiling writeable v0.6.4
   Compiling aws-smithy-runtime-api v1.14.0
   Compiling fixedbitset v0.5.7
   Compiling litemap v0.8.3
   Compiling icu_locale_core v2.3.0
   Compiling lock_api v0.4.14
   Compiling rand v0.8.7
   Compiling pkcs8 v0.10.2
   Compiling tokio-rustls v0.26.4
   Compiling potential_utf v0.1.6
   Compiling zerotrie v0.2.5
   Compiling itertools v0.14.0
   Compiling icu_properties_data v2.3.0
   Compiling semver v1.0.28
   Compiling rustversion v1.0.23
   Compiling utf8_iter v1.0.4
   Compiling syn v1.0.109
   Compiling icu_normalizer_data v2.3.0
   Compiling rustc_version v0.4.1
   Compiling icu_collections v2.3.0
   Compiling icu_provider v2.3.0
   Compiling parking_lot v0.12.5
   Compiling hyper v1.11.0
   Compiling serde_urlencoded v0.7.1
   Compiling thiserror-impl v2.0.20
   Compiling darling_core v0.20.11
   Compiling prost-derive v0.14.4
   Compiling simd-adler32 v0.3.10
   Compiling spin v0.9.9
   Compiling getrandom v0.3.4
   Compiling hyper-util v0.1.20
   Compiling adler2 v2.0.1
   Compiling fastrand v2.5.0
   Compiling miniz_oxide v0.8.9
   Compiling thiserror v2.0.20
   Compiling lazy_static v1.5.0
   Compiling digest v0.11.3
   Compiling async-trait v0.1.92
   Compiling zstd-sys v2.0.16+zstd.1.5.7
   Compiling darling_macro v0.20.11
   Compiling winnow v1.0.4
   Compiling rustix v1.1.4
   Compiling darling v0.20.11
   Compiling icu_properties v2.3.0
   Compiling icu_normalizer v2.3.0
   Compiling tokio-stream v0.1.19
   Compiling hmac v0.12.1
   Compiling libz-ng-sys v1.1.29
   Compiling crc32fast v1.5.0
   Compiling rustls v0.21.12
   Compiling linux-raw-sys v0.12.1
   Compiling prost v0.14.4
   Compiling derive_builder_core v0.20.2
   Compiling idna_adapter v1.2.2
   Compiling pulldown-cmark v0.13.4
   Compiling prettyplease v0.2.37
   Compiling rustls-platform-verifier v0.7.0
   Compiling rustls-webpki v0.101.7
   Compiling sct v0.7.1
   Compiling axum-core v0.5.6
   Compiling signature v2.2.0
   Compiling darling_core v0.21.3
   Compiling ff v0.13.1
   Compiling serde_path_to_error v0.1.20
   Compiling thread_local v1.1.10
   Compiling crossbeam-utils v0.8.22
   Compiling base16ct v0.2.0
   Compiling object v0.37.3
   Compiling cpufeatures v0.2.17
   Compiling zstd-safe v7.2.4
   Compiling tempfile v3.27.0
   Compiling sec1 v0.7.3
   Compiling group v0.13.0
   Compiling axum v0.8.9
   Compiling pulldown-cmark-to-cmark v22.0.1
   Compiling hyper-rustls v0.27.9
   Compiling derive_builder_macro v0.20.2
   Compiling trackable_derive v1.0.0
   Compiling prost-types v0.14.4
   Compiling idna v1.1.0
   Compiling darling_macro v0.21.3
   Compiling petgraph v0.8.3
   Compiling hkdf v0.12.4
   Compiling sha2 v0.11.0
   Compiling aws-smithy-schema v0.2.0
   Compiling h2 v0.3.27
   Compiling crypto-bigint v0.5.5
   Compiling libsqlite3-sys v0.38.2
   Compiling memoffset v0.6.5
   Compiling socket2 v0.5.10
   Compiling aho-corasick v1.1.5
   Compiling thiserror v1.0.69
   Compiling protobuf v2.28.0
   Compiling alloc-no-stdlib v2.0.4
   Compiling iana-time-zone v0.1.65
   Compiling hex v0.4.3
   Compiling tokio-openssl v0.6.5
   Compiling same-file v1.0.6
   Compiling regex-syntax v0.8.11
   Compiling minimal-lexical v0.2.1
   Compiling rust_decimal v1.42.1
   Compiling winnow v0.7.15
   Compiling arrayvec v0.7.8
   Compiling native-tls v0.2.18
   Compiling gimli v0.32.3
   Compiling regex-automata v0.4.18
   Compiling hyper v0.14.32
   Compiling addr2line v0.25.1
   Compiling nom v7.1.3
   Compiling walkdir v2.5.0
   Compiling chrono v0.4.45
   Compiling prost-build v0.14.4
   Compiling alloc-stdlib v0.2.4
   Compiling elliptic-curve v0.13.8
   Compiling tokio-rustls v0.24.1
   Compiling darling v0.21.3
   Compiling url v2.5.8
   Compiling trackable v1.3.0
   Compiling derive_builder v0.20.2
   Compiling tonic-build v0.14.6
   Compiling rand_core v0.9.5
   Compiling neli-proc-macros v0.2.2
   Compiling futures-executor v0.3.34
   Compiling getset v0.1.7
   Compiling thiserror-impl v1.0.69
   Compiling pin-project-internal v1.1.13
   Compiling ahash v0.8.12
   Compiling hashbrown v0.16.1
   Compiling rustc-demangle v0.1.28
   Compiling diesel_derives v2.3.9
   Compiling prometheus v0.13.4
   Compiling pingora-error v0.8.1
   Compiling lru v0.16.4
   Compiling backtrace v0.3.76
   Compiling pingora-http v0.8.1
   Compiling pin-project v1.1.13
   Compiling nix v0.31.3
   Compiling neli v0.7.4
   Compiling zstd v0.13.3
   Compiling futures v0.3.34
   Compiling tonic-prost-build v0.14.6
   Compiling rand_chacha v0.9.0
   Compiling crossbeam-queue v0.3.13
   Compiling hyper-rustls v0.24.2
   Compiling dsl_auto_type v0.2.0
   Compiling brotli-decompressor v2.5.1
   Compiling rusticata-macros v4.1.0
   Compiling sha2 v0.10.9
   Compiling pingora-timeout v0.8.1
   Compiling rfc6979 v0.4.0
   Compiling toml_parser v1.1.3+spec-1.1.0
   Compiling flate2 v1.1.9
   Compiling hyper-timeout v0.5.2
   Compiling strum_macros v0.26.4
   Compiling hmac v0.13.0
   Compiling curve25519-dalek v4.1.3
   Compiling aws-types v1.5.0
   Compiling aws-credential-types v1.3.0
   Compiling aws-smithy-http v0.64.0
   Compiling petgraph v0.7.1
   Compiling blake2 v0.10.6
   Compiling toml_datetime v0.7.5+spec-1.1.0
   Compiling serde_spanned v1.1.1
   Compiling asn1-rs-derive v0.6.0
   Compiling asn1-rs-impl v0.2.0
   Compiling clap_derive v4.6.4
   Compiling diesel_table_macro_syntax v0.3.0
   Compiling mime_guess v2.0.5
   Compiling num-bigint v0.4.8
   Compiling indexmap v1.9.3
   Compiling unsafe-libyaml v0.2.11
   Compiling num-bigint-dig v0.8.6
   Compiling inotify-sys v0.1.8
   Compiling bitflags v1.3.2
   Compiling nix v0.24.3
   Compiling daggy v0.8.1
   Compiling asn1-rs v0.7.2
   Compiling strum v0.26.3
   Compiling serde_yaml v0.9.34+deprecated
   Compiling clap v4.6.6
   Compiling toml v0.9.12+spec-1.1.0
   Compiling tonic v0.14.6
   Compiling local-ip-address v0.6.13
   Compiling ecdsa v0.16.9
   Compiling pingora-pool v0.8.1
   Compiling sfv v0.10.4
   Compiling brotli v3.5.0
   Compiling nullnet-grpc-lib v0.1.0 (/root/nullnet-policy-integration-20260929/members/nullnet-grpc-lib)
   Compiling aws-smithy-http-client v1.3.0
   Compiling rand v0.9.5
   Compiling cf-rustracing v1.2.1
   Compiling cipher v0.5.2
   Compiling tower-http v0.6.11
   Compiling thrift_codec v0.3.2
   Compiling primeorder v0.13.6
   Compiling bstr v1.13.1
   Compiling regex v1.13.1
   Compiling pingora-runtime v0.8.1
   Compiling derivative v2.2.0
   Compiling tokio-test v0.4.5
   Compiling arc-swap v1.9.2
   Compiling aws-smithy-observability v0.3.0
   Compiling curve25519-dalek-derive v0.1.1
   Compiling universal-hash v0.6.1
   Compiling num-iter v0.1.46
   Compiling rmp v0.8.15
   Compiling pem v3.0.6
   Compiling cookie v0.18.2
   Compiling fs-err v3.3.1
   Compiling hostname v0.4.2
   Compiling daemonize v0.5.0
   Compiling encoding_rs v0.8.35
   Compiling hashbrown v0.12.3
   Compiling openssl-probe v0.1.6
   Compiling downcast-rs v2.0.2
   Compiling oid-registry v0.8.1
   Compiling diesel v2.3.12
   Compiling cf-rustracing-jaeger v1.2.2
   Compiling rmp-serde v1.3.1
   Compiling polyval v0.7.3
   Compiling tonic-prost v0.14.6
   Compiling aws-smithy-runtime v1.13.1
   Compiling rust-embed-utils v8.12.0
   Compiling migrations_internals v2.3.0
   Compiling aws-sigv4 v1.5.1
   Compiling pingora-header-serde v0.8.1
   Compiling pingora-lru v0.8.1
   Compiling ed25519 v2.2.3
   Compiling pkcs1 v0.7.5
   Compiling yasna v0.6.0
   Compiling chacha20 v0.10.1
   Compiling uuid v1.24.1
   Compiling xmlparser v0.13.6
   Compiling ipnetwork v0.21.1
   Compiling aws-smithy-xml v0.62.0
   Compiling maxminddb v0.27.3
   Compiling rcgen v0.14.9
   Compiling rand v0.10.2
   Compiling rsa v0.9.10
   Compiling aws-runtime v1.9.1
   Compiling ed25519-dalek v2.2.0
   Compiling rust-embed-impl v8.12.0
   Compiling inotify v0.11.5
   Compiling migrations_macros v2.3.0
   Compiling ctrlc v3.5.2
   Compiling ghash v0.6.0
   Compiling p256 v0.13.2
   Compiling p384 v0.13.1
   Compiling aes v0.9.2
   Compiling ctr v0.10.1
   Compiling der-parser v10.0.0
   Compiling simple_asn1 v0.6.4
   Compiling aead v0.6.1
   Compiling aws-smithy-json v0.63.0
   Compiling sha1 v0.11.0
   Compiling password-hash v0.5.0
   Compiling notify-types v2.1.0
   Compiling toml_datetime v1.1.1+spec-1.1.0
   Compiling nullnet-liberror v0.1.1
   Compiling nullnet-server v0.1.0 (/root/nullnet-policy-integration-20260929/members/nullnet-server)
   Compiling data-encoding v2.11.1
   Compiling toml_writer v1.1.2+spec-1.1.0
   Compiling base32 v0.5.1
   Compiling constant_time_eq v0.4.2
   Compiling regex-lite v0.1.9
   Compiling toml v1.1.4+spec-1.1.0
   Compiling totp-rs v6.0.0
   Compiling argon2 v0.5.3
   Compiling aws-sdk-route53 v1.119.0
   Compiling x509-parser v0.18.1
   Compiling notify v8.2.0
   Compiling jsonwebtoken v11.0.0
   Compiling rust-embed v8.12.0
   Compiling aes-gcm v0.11.0
   Compiling axum-server v0.8.0
   Compiling axum-extra v0.12.6
   Compiling instant-acme v0.8.5
   Compiling reqwest v0.13.4
   Compiling diesel-async v0.9.2
   Compiling diesel_migrations v2.3.2
   Compiling rpn-predicate-interpreter v0.1.0 (https://github.com/GyulyVGC/postfix-predicate-interpreter.git?branch=appguard#94bc5411)
   Compiling quick-xml v0.41.0
   Compiling base64 v0.23.1
   Compiling pingora-openssl v0.8.1
   Compiling pingora-core v0.8.1
   Compiling tokio-native-tls v0.3.1
   Compiling hyper-tls v0.6.0
   Compiling reqwest v0.12.28
   Compiling nullnet-libipinfo v0.2.1
   Compiling pingora-cache v0.8.1
   Compiling pingora-proxy v0.8.1
   Compiling nullnet-proxy v0.1.0 (/root/nullnet-policy-integration-20260929/members/nullnet-proxy)
    Finished `dev` profile [unoptimized + debuginfo] target(s) in 1m 19s
