   Compiling proc-macro2 v1.0.107
   Compiling libc v0.2.189
   Compiling quote v1.0.47
   Compiling unicode-ident v1.0.24
   Compiling bytes v1.12.1
   Compiling pin-project-lite v0.2.17
   Compiling hashbrown v0.17.1
   Compiling equivalent v1.0.2
   Compiling futures-core v0.3.34
   Compiling find-msvc-tools v0.1.11
   Compiling syn v2.0.119
   Compiling syn v3.0.3
   Compiling shlex v2.0.1
   Compiling jobserver v0.1.35
   Compiling mio v1.2.2
   Compiling cc v1.4.3
   Compiling socket2 v0.6.5
   Compiling once_cell v1.21.4
   Compiling dunce v1.0.5
   Compiling itoa v1.0.18
   Compiling cmake v0.1.58
   Compiling pkg-config v0.3.34
   Compiling fs_extra v1.3.0
   Compiling anyhow v1.0.104
   Compiling aws-lc-sys v0.44.0
   Compiling http v1.5.0
   Compiling either v1.17.0
   Compiling itertools v0.14.0
   Compiling tokio-macros v2.7.2
   Compiling tokio v1.53.1
   Compiling tracing-attributes v0.1.31
   Compiling tracing-core v0.1.36
   Compiling slab v0.4.12
   Compiling memchr v2.8.3
   Compiling futures-sink v0.3.34
   Compiling tracing v0.1.44
   Compiling prost-derive v0.14.4
   Compiling http-body v1.1.0
   Compiling indexmap v2.14.0
   Compiling aws-lc-rs v1.18.0
   Compiling bitflags v2.13.1
   Compiling log v0.4.33
   Compiling futures-task v0.3.34
   Compiling zeroize v1.9.0
   Compiling httparse v1.10.1
   Compiling prettyplease v0.2.37
   Compiling rustix v1.1.4
   Compiling pulldown-cmark v0.13.4
   Compiling getrandom v0.4.3
   Compiling tower-service v0.3.3
   Compiling futures-util v0.3.34
   Compiling tokio-util v0.7.19
   Compiling foldhash v0.1.5
   Compiling try-lock v0.2.5
   Compiling regex-syntax v0.8.11
   Compiling unicase v2.9.0
   Compiling atomic-waker v1.1.2
   Compiling fnv v1.0.7
   Compiling linux-raw-sys v0.12.1
   Compiling cfg-if v1.0.4
   Compiling h2 v0.4.19
   Compiling regex-automata v0.4.18
   Compiling prost v0.14.4
   Compiling want v0.3.1
   Compiling hashbrown v0.15.5
   Compiling rustls-pki-types v1.15.1
   Compiling futures-channel v0.3.34
   Compiling smallvec v1.15.2
   Compiling fastrand v2.5.0
   Compiling untrusted v0.9.0
   Compiling httpdate v1.0.3
   Compiling serde_core v1.0.229
   Compiling sync_wrapper v1.0.2
   Compiling fixedbitset v0.5.7
   Compiling tower-layer v0.3.3
   Compiling rustls v0.23.43
   Compiling hyper v1.11.0
   Compiling tempfile v3.27.0
   Compiling petgraph v0.8.3
   Compiling prost-types v0.14.4
   Compiling pulldown-cmark-to-cmark v22.0.1
   Compiling regex v1.13.1
   Compiling http-body-util v0.1.5
   Compiling multimap v0.10.1
   Compiling mime v0.3.17
   Compiling subtle v2.6.1
   Compiling heck v0.5.0
   Compiling hyper-util v0.1.20
   Compiling axum-core v0.5.6
   Compiling prost-build v0.14.4
   Compiling tower v0.5.3
   Compiling tonic-build v0.14.6
   Compiling pin-project-internal v1.1.13
   Compiling matchit v0.8.4
   Compiling percent-encoding v2.3.2
   Compiling tonic-prost-build v0.14.6
   Compiling hyper-timeout v0.5.2
   Compiling pin-project v1.1.13
   Compiling tokio-stream v0.1.19
   Compiling async-trait v0.1.92
   Compiling axum v0.8.9
   Compiling base64 v0.22.1
   Compiling nullnet-grpc-lib v0.1.0 (/root/nullnet-prepared-20260928/members/nullnet-grpc-lib)
   Compiling rustls-webpki v0.103.14
   Compiling tokio-rustls v0.26.4
   Compiling tonic v0.14.6
   Compiling tonic-prost v0.14.6
    Finished `dev` profile [unoptimized] target(s) in 23.61s
    Checking bytes v1.12.1
    Checking pin-project-lite v0.2.17
    Checking libc v0.2.189
    Checking futures-core v0.3.34
    Checking once_cell v1.21.4
    Checking itoa v1.0.18
    Checking hashbrown v0.17.1
    Checking tracing-core v0.1.36
    Checking http v1.5.0
    Checking slab v0.4.12
    Checking futures-sink v0.3.34
    Checking equivalent v1.0.2
    Checking tracing v0.1.44
    Checking indexmap v2.14.0
    Checking tower-service v0.3.3
    Checking mio v1.2.2
    Checking socket2 v0.6.5
    Checking http-body v1.1.0
    Checking futures-task v0.3.34
    Checking zeroize v1.9.0
    Checking tokio v1.53.1
    Checking futures-util v0.3.34
    Checking aws-lc-sys v0.44.0
    Checking atomic-waker v1.1.2
    Checking try-lock v0.2.5
    Checking fnv v1.0.7
    Checking want v0.3.1
    Checking httparse v1.10.1
    Checking rustls-pki-types v1.15.1
    Checking aws-lc-rs v1.18.0
    Checking futures-channel v0.3.34
    Checking smallvec v1.15.2
    Checking untrusted v0.9.0
    Checking sync_wrapper v1.0.2
    Checking httpdate v1.0.3
    Checking tower-layer v0.3.3
    Checking http-body-util v0.1.5
    Checking rustls-webpki v0.103.14
    Checking subtle v2.6.1
    Checking mime v0.3.17
    Checking log v0.4.33
    Checking axum-core v0.5.6
    Checking serde_core v1.0.229
    Checking rustls v0.23.43
    Checking percent-encoding v2.3.2
    Checking matchit v0.8.4
    Checking memchr v2.8.3
    Checking tokio-util v0.7.19
    Checking tokio-stream v0.1.19
    Checking pin-project v1.1.13
    Checking base64 v0.22.1
    Checking h2 v0.4.19
    Checking tower v0.5.3
   Compiling nullnet-grpc-lib v0.1.0 (/root/nullnet-prepared-20260928/members/nullnet-grpc-lib)
    Checking prost v0.14.4
    Checking axum v0.8.9
    Checking tokio-rustls v0.26.4
    Checking hyper v1.11.0
    Checking hyper-util v0.1.20
    Checking hyper-timeout v0.5.2
    Checking tonic v0.14.6
    Checking tonic-prost v0.14.6
    Finished `dev` profile [unoptimized] target(s) in 5.94s
   Compiling nullnet-grpc-lib v0.1.0 (/root/nullnet-prepared-20260928/members/nullnet-grpc-lib)
    Finished `test` profile [unoptimized] target(s) in 0.82s
     Running unittests src/lib.rs (target/debug/deps/nullnet_grpc_lib-65b9c0a3b039d94b)

running 2 tests
test admission_tests::clones_share_admission_and_cancellation_releases_capacity ... ok
test admission_tests::liveness_progresses_when_setup_admission_is_full ... ok

test result: ok. 2 passed; 0 failed; 0 ignored; 0 measured; 0 filtered out; finished in 0.00s

   Doc-tests nullnet_grpc_lib

running 0 tests

test result: ok. 0 passed; 0 failed; 0 ignored; 0 measured; 0 filtered out; finished in 0.00s

   Compiling libc v0.2.189
   Compiling syn v2.0.119
   Compiling syn v3.0.3
   Compiling typenum v1.20.1
   Compiling futures-channel v0.3.34
   Compiling futures-io v0.3.34
   Compiling subtle v2.6.1
   Compiling futures-task v0.3.34
   Compiling autocfg v1.5.1
   Compiling mio v1.2.2
   Compiling socket2 v0.6.5
   Compiling getrandom v0.2.17
   Compiling libm v0.2.16
   Compiling num-traits v0.2.19
   Compiling version_check v0.9.5
   Compiling time-core v0.1.9
   Compiling num-conv v0.2.2
   Compiling time-macros v0.2.32
   Compiling synstructure v0.13.2
   Compiling hybrid-array v0.4.14
   Compiling tokio-macros v2.7.2
   Compiling futures-macro v0.3.34
   Compiling powerfmt v0.2.0
   Compiling zeroize_derive v1.5.0
   Compiling tracing-attributes v0.1.31
   Compiling tokio v1.53.1
   Compiling zeroize v1.9.0
   Compiling futures-util v0.3.34
   Compiling serde_core v1.0.229
   Compiling deranged v0.5.8
   Compiling tracing v0.1.44
   Compiling time v0.3.55
   Compiling generic-array v0.14.9
   Compiling ryu v1.0.23
   Compiling getrandom v0.4.3
   Compiling rand_core v0.10.1
   Compiling const-oid v0.9.6
   Compiling num-integer v0.1.47
   Compiling serde v1.0.229
   Compiling serde_derive v1.0.229
   Compiling rustls-pki-types v1.15.1
   Compiling zerofrom-derive v0.1.7
   Compiling tokio-util v0.7.19
   Compiling h2 v0.4.19
   Compiling displaydoc v0.2.7
   Compiling aws-lc-rs v1.18.0
   Compiling ipnet v2.12.1
   Compiling zerofrom v0.1.8
   Compiling crypto-common v0.2.2
   Compiling block-buffer v0.10.4
   Compiling crypto-common v0.1.6
   Compiling yoke-derive v0.8.2
   Compiling block-buffer v0.12.1
   Compiling rand_core v0.6.4
   Compiling http v0.2.12
   Compiling vcpkg v0.2.15
   Compiling stable_deref_trait v1.2.1
   Compiling yoke v0.8.3
   Compiling digest v0.10.7
   Compiling openssl-probe v0.2.1
   Compiling cpufeatures v0.3.0
   Compiling base64ct v1.8.3
   Compiling untrusted v0.7.1
   Compiling http-body v0.4.6
   Compiling zerovec-derive v0.11.5
   Compiling form_urlencoded v1.2.2
   Compiling sync_wrapper v1.0.2
   Compiling either v1.17.0
   Compiling ring v0.17.14
   Compiling zerovec v0.11.7
   Compiling hyper v1.11.0
   Compiling rustls v0.23.43
   Compiling cmov v0.5.4
   Compiling vsimd v0.8.0
   Compiling outref v0.5.2
   Compiling ctutils v0.4.2
   Compiling rustls-webpki v0.103.14
   Compiling base64-simd v0.8.0
   Compiling tower v0.5.3
   Compiling hyper-util v0.1.20
   Compiling bytes-utils v0.1.4
   Compiling pem-rfc7468 v0.7.0
   Compiling pin-utils v0.1.0
   Compiling const-oid v0.10.2
   Compiling zmij v1.0.23
   Compiling aws-smithy-types v1.6.2
   Compiling der v0.7.10
   Compiling aws-smithy-async v1.3.0
   Compiling aws-smithy-runtime-api-macros v1.1.0
   Compiling serde_json v1.0.151
   Compiling bitflags v2.13.1
   Compiling aws-smithy-runtime-api v1.14.0
   Compiling spki v0.7.3
   Compiling tinystr v0.8.4
   Compiling litemap v0.8.3
   Compiling writeable v0.6.4
   Compiling icu_locale_core v2.3.0
   Compiling pkcs8 v0.10.2
   Compiling potential_utf v0.1.6
   Compiling rustls-native-certs v0.8.4
   Compiling zerotrie v0.2.5
   Compiling icu_properties_data v2.3.0
   Compiling icu_normalizer_data v2.3.0
   Compiling semver v1.0.28
   Compiling tokio-rustls v0.26.4
   Compiling utf8_iter v1.0.4
   Compiling thiserror v2.0.20
   Compiling icu_collections v2.3.0
   Compiling rustc_version v0.4.1
   Compiling icu_provider v2.3.0
   Compiling itertools v0.14.0
   Compiling openssl-sys v0.9.117
   Compiling thiserror-impl v2.0.20
   Compiling prost-derive v0.14.4
   Compiling digest v0.11.3
   Compiling serde_urlencoded v0.7.1
   Compiling winnow v1.0.4
   Compiling icu_normalizer v2.3.0
   Compiling icu_properties v2.3.0
   Compiling hmac v0.12.1
   Compiling rustls v0.21.12
   Compiling strsim v0.11.1
   Compiling ident_case v1.0.1
   Compiling zerocopy v0.8.56
   Compiling darling_core v0.21.3
   Compiling sct v0.7.1
   Compiling rustls-webpki v0.101.7
   Compiling idna_adapter v1.2.2
   Compiling rustls-platform-verifier v0.7.0
   Compiling signature v2.2.0
   Compiling ff v0.13.1
   Compiling cpufeatures v0.2.17
   Compiling base16ct v0.2.0
   Compiling openssl v0.10.81
   Compiling foreign-types-shared v0.1.1
   Compiling foreign-types v0.3.2
   Compiling sec1 v0.7.3
   Compiling prost v0.14.4
   Compiling group v0.13.0
   Compiling hyper-rustls v0.27.9
   Compiling idna v1.1.0
   Compiling prettyplease v0.2.37
   Compiling darling_macro v0.21.3
   Compiling hkdf v0.12.4
   Compiling sha2 v0.11.0
   Compiling aws-smithy-schema v0.2.0
   Compiling axum-core v0.5.6
   Compiling h2 v0.3.27
   Compiling libsqlite3-sys v0.38.2
   Compiling crypto-bigint v0.5.5
   Compiling serde_path_to_error v0.1.20
   Compiling openssl-macros v0.1.1
   Compiling socket2 v0.5.10
   Compiling winnow v0.7.15
   Compiling native-tls v0.2.18
   Compiling same-file v1.0.6
   Compiling minimal-lexical v0.2.1
   Compiling walkdir v2.5.0
   Compiling nom v7.1.3
   Compiling axum v0.8.9
   Compiling elliptic-curve v0.13.8
   Compiling hyper v0.14.32
   Compiling ppv-lite86 v0.2.21
   Compiling tokio-rustls v0.24.1
   Compiling darling v0.21.3
   Compiling url v2.5.8
   Compiling prost-types v0.14.4
   Compiling inout v0.2.2
   Compiling async-trait v0.1.92
   Compiling spin v0.9.9
   Compiling diesel_derives v2.3.9
   Compiling rustversion v1.0.23
   Compiling lazy_static v1.5.0
   Compiling prost-build v0.14.4
   Compiling hyper-rustls v0.24.2
   Compiling dsl_auto_type v0.2.0
   Compiling rand_chacha v0.3.1
   Compiling rusticata-macros v4.1.0
   Compiling tonic-build v0.14.6
   Compiling serde_spanned v1.1.1
   Compiling toml_datetime v0.7.5+spec-1.1.0
   Compiling sha2 v0.10.9
   Compiling rfc6979 v0.4.0
   Compiling toml_parser v1.1.3+spec-1.1.0
   Compiling hmac v0.13.0
   Compiling curve25519-dalek v4.1.3
   Compiling aws-types v1.5.0
   Compiling aws-smithy-http v0.64.0
   Compiling aws-credential-types v1.3.0
   Compiling mime_guess v2.0.5
   Compiling num-bigint v0.4.8
   Compiling pin-project-internal v1.1.13
   Compiling asn1-rs-impl v0.2.0
   Compiling asn1-rs-derive v0.6.0
   Compiling diesel_table_macro_syntax v0.3.0
   Compiling cfg_aliases v0.2.2
   Compiling crc32fast v1.5.0
   Compiling inotify-sys v0.1.8
   Compiling cpubits v0.1.1
   Compiling num-bigint-dig v0.8.6
   Compiling pin-project v1.1.13
   Compiling asn1-rs v0.7.2
   Compiling nix v0.31.3
   Compiling toml v0.9.12+spec-1.1.0
   Compiling tonic-prost-build v0.14.6
   Compiling ecdsa v0.16.9
   Compiling rand v0.8.7
   Compiling tokio-native-tls v0.3.1
   Compiling aws-smithy-http-client v1.3.0
   Compiling cipher v0.5.2
   Compiling tower-http v0.6.11
   Compiling primeorder v0.13.6
   Compiling aws-smithy-observability v0.3.0
   Compiling hyper-timeout v0.5.2
   Compiling universal-hash v0.6.1
   Compiling tokio-stream v0.1.19
   Compiling pem v3.0.6
   Compiling num-iter v0.1.46
   Compiling curve25519-dalek-derive v0.1.1
   Compiling cookie v0.18.2
   Compiling fs-err v3.3.1
   Compiling encoding_rs v0.8.35
   Compiling simd-adler32 v0.3.10
   Compiling adler2 v2.0.1
   Compiling downcast-rs v2.0.2
   Compiling hex v0.4.3
   Compiling oid-registry v0.8.1
   Compiling aws-sigv4 v1.5.1
   Compiling diesel v2.3.12
   Compiling miniz_oxide v0.8.9
   Compiling aws-smithy-runtime v1.13.1
   Compiling tonic v0.14.6
   Compiling migrations_internals v2.3.0
   Compiling polyval v0.7.3
   Compiling arc-swap v1.9.2
   Compiling rust-embed-utils v8.12.0
   Compiling hyper-tls v0.6.0
   Compiling nullnet-grpc-lib v0.1.0 (/root/nullnet-prepared-20260928/members/nullnet-grpc-lib)
   Compiling ed25519 v2.2.3
   Compiling pkcs1 v0.7.5
   Compiling chacha20 v0.10.1
   Compiling uuid v1.24.1
   Compiling yasna v0.6.0
   Compiling xmlparser v0.13.6
   Compiling ipnetwork v0.21.1
   Compiling iana-time-zone v0.1.65
   Compiling maxminddb v0.27.3
   Compiling chrono v0.4.45
   Compiling rcgen v0.14.9
   Compiling aws-smithy-xml v0.62.0
   Compiling aws-runtime v1.9.1
   Compiling tonic-prost v0.14.6
   Compiling rsa v0.9.10
   Compiling rand v0.10.2
   Compiling ed25519-dalek v2.2.0
   Compiling inotify v0.11.5
   Compiling flate2 v1.1.9
   Compiling rust-embed-impl v8.12.0
   Compiling reqwest v0.12.28
   Compiling ghash v0.6.0
   Compiling migrations_macros v2.3.0
   Compiling p256 v0.13.2
   Compiling p384 v0.13.1
   Compiling ctr v0.10.1
   Compiling aes v0.9.2
   Compiling der-parser v10.0.0
   Compiling simple_asn1 v0.6.4
   Compiling aead v0.6.1
   Compiling aws-smithy-json v0.63.0
   Compiling sha1 v0.11.0
   Compiling notify-types v2.1.0
   Compiling password-hash v0.5.0
   Compiling blake2 v0.10.6
   Compiling toml_datetime v1.1.1+spec-1.1.0
   Compiling futures-executor v0.3.34
   Compiling nullnet-liberror v0.1.1
   Compiling constant_time_eq v0.4.2
   Compiling base32 v0.5.1
   Compiling toml_writer v1.1.2+spec-1.1.0
   Compiling data-encoding v2.11.1
   Compiling regex-lite v0.1.9
   Compiling nullnet-server v0.1.0 (/root/nullnet-prepared-20260928/members/nullnet-server)
   Compiling toml v1.1.4+spec-1.1.0
   Compiling aws-sdk-route53 v1.119.0
   Compiling x509-parser v0.18.1
   Compiling totp-rs v6.0.0
   Compiling futures v0.3.34
   Compiling nullnet-libipinfo v0.2.1
   Compiling argon2 v0.5.3
   Compiling notify v8.2.0
   Compiling rust-embed v8.12.0
   Compiling aes-gcm v0.11.0
   Compiling jsonwebtoken v11.0.0
   Compiling diesel_migrations v2.3.2
   Compiling diesel-async v0.9.2
   Compiling axum-server v0.8.0
   Compiling axum-extra v0.12.6
   Compiling ctrlc v3.5.2
   Compiling instant-acme v0.8.5
   Compiling reqwest v0.13.4
   Compiling rpn-predicate-interpreter v0.1.0 (https://github.com/GyulyVGC/postfix-predicate-interpreter.git?branch=appguard#94bc5411)
   Compiling quick-xml v0.41.0
   Compiling nullnet-liberror v0.1.1 (https://github.com/NullNet-ai/libguard.git?branch=nullnet-liberror-print#c994965b)
   Compiling base64 v0.23.1
    Finished `dev` profile [unoptimized] target(s) in 51.17s
    Checking cfg-if v1.0.4
    Checking libc v0.2.189
    Checking zeroize v1.9.0
    Checking typenum v1.20.1
    Checking futures-channel v0.3.34
    Checking futures-task v0.3.34
    Checking futures-io v0.3.34
    Checking subtle v2.6.1
    Checking futures-util v0.3.34
    Checking tracing v0.1.44
    Checking libm v0.2.16
    Checking num-conv v0.2.2
    Checking deranged v0.5.8
    Checking num-traits v0.2.19
    Checking mio v1.2.2
    Checking socket2 v0.6.5
    Checking getrandom v0.2.17
    Checking tokio v1.53.1
    Checking time-core v0.1.9
    Checking powerfmt v0.2.0
    Checking serde_core v1.0.229
    Checking time v0.3.55
    Checking ryu v1.0.23
    Checking const-oid v0.9.6
    Checking rand_core v0.10.1
    Checking generic-array v0.14.9
    Checking num-integer v0.1.47
    Checking getrandom v0.4.3
    Checking hybrid-array v0.4.14
    Checking rustls-pki-types v1.15.1
    Checking ipnet v2.12.1
    Checking zerofrom v0.1.8
    Checking block-buffer v0.10.4
    Checking crypto-common v0.1.6
    Checking rand_core v0.6.4
    Checking http v0.2.12
    Checking crypto-common v0.2.2
    Checking stable_deref_trait v1.2.1
    Checking yoke v0.8.3
    Checking digest v0.10.7
    Checking untrusted v0.7.1
    Checking base64ct v1.8.3
    Checking openssl-probe v0.2.1
    Checking http-body v0.4.6
    Checking aws-lc-rs v1.18.0
    Checking serde v1.0.229
    Checking form_urlencoded v1.2.2
    Checking sync_wrapper v1.0.2
    Checking either v1.17.0
    Checking zerovec v0.11.7
    Checking vsimd v0.8.0
    Checking tokio-util v0.7.19
    Checking cmov v0.5.4
    Checking outref v0.5.2
    Checking ctutils v0.4.2
    Checking base64-simd v0.8.0
    Checking rustls-webpki v0.103.14
    Checking h2 v0.4.19
    Checking tower v0.5.3
    Checking bytes-utils v0.1.4
    Checking pem-rfc7468 v0.7.0
    Checking block-buffer v0.12.1
    Checking pin-utils v0.1.0
    Checking cpufeatures v0.3.0
    Checking aws-smithy-types v1.6.2
    Checking rustls v0.23.43
    Checking der v0.7.10
    Checking aws-smithy-async v1.3.0
    Checking bitflags v2.13.1
    Checking aws-smithy-runtime-api v1.14.0
    Checking spki v0.7.3
    Checking zmij v1.0.23
    Checking ring v0.17.14
    Checking tinystr v0.8.4
    Checking writeable v0.6.4
    Checking litemap v0.8.3
    Checking icu_locale_core v2.3.0
    Checking tokio-rustls v0.26.4
    Checking serde_json v1.0.151
    Checking pkcs8 v0.10.2
    Checking hyper v1.11.0
    Checking potential_utf v0.1.6
    Checking rustls-native-certs v0.8.4
    Checking zerotrie v0.2.5
    Checking utf8_iter v1.0.4
    Checking icu_collections v2.3.0
    Checking icu_provider v2.3.0
    Checking const-oid v0.10.2
    Checking thiserror v2.0.20
    Checking icu_normalizer_data v2.3.0
    Checking digest v0.11.3
    Checking icu_properties_data v2.3.0
    Checking serde_urlencoded v0.7.1
    Checking icu_properties v2.3.0
    Checking icu_normalizer v2.3.0
    Checking hmac v0.12.1
    Checking rustls-platform-verifier v0.7.0
    Checking sct v0.7.1
    Checking rustls-webpki v0.101.7
    Checking signature v2.2.0
    Checking hyper-util v0.1.20
    Checking ff v0.13.1
    Checking foreign-types-shared v0.1.1
    Checking base16ct v0.2.0
    Checking cpufeatures v0.2.17
    Checking rustls v0.21.12
    Checking sec1 v0.7.3
    Checking foreign-types v0.3.2
    Checking group v0.13.0
    Checking zerocopy v0.8.56
    Checking idna_adapter v1.2.2
    Checking idna v1.1.0
    Checking hkdf v0.12.4
    Checking sha2 v0.11.0
    Checking hyper-rustls v0.27.9
    Checking openssl-sys v0.9.117
    Checking axum-core v0.5.6
    Checking aws-smithy-schema v0.2.0
    Checking h2 v0.3.27
    Checking crypto-bigint v0.5.5
    Checking serde_path_to_error v0.1.20
    Checking socket2 v0.5.10
    Checking minimal-lexical v0.2.1
    Checking axum v0.8.9
    Checking nom v7.1.3
    Checking ppv-lite86 v0.2.21
    Checking openssl v0.10.81
    Checking elliptic-curve v0.13.8
    Checking tokio-rustls v0.24.1
    Checking url v2.5.8
    Checking hyper v0.14.32
    Checking inout v0.2.2
    Checking spin v0.9.9
    Checking winnow v1.0.4
    Checking toml_parser v1.1.3+spec-1.1.0
    Checking lazy_static v1.5.0
    Checking rusticata-macros v4.1.0
    Checking rand_chacha v0.3.1
    Checking sha2 v0.10.9
    Checking native-tls v0.2.18
    Checking rfc6979 v0.4.0
    Checking hmac v0.13.0
    Checking aws-smithy-http v0.64.0
    Checking aws-credential-types v1.3.0
    Checking serde_spanned v1.1.1
    Checking num-bigint v0.4.8
    Checking cpubits v0.1.1
    Checking same-file v1.0.6
    Checking pin-project v1.1.13
    Checking walkdir v2.5.0
    Checking asn1-rs v0.7.2
    Checking tokio-native-tls v0.3.1
    Checking ecdsa v0.16.9
    Checking rand v0.8.7
    Checking cipher v0.5.2
    Checking tower-http v0.6.11
    Checking libsqlite3-sys v0.38.2
    Checking primeorder v0.13.6
    Checking hyper-timeout v0.5.2
    Checking aws-smithy-observability v0.3.0
    Checking universal-hash v0.6.1
    Checking tokio-stream v0.1.19
    Checking toml_datetime v0.7.5+spec-1.1.0
    Checking pem v3.0.6
    Checking hyper-rustls v0.24.2
    Checking num-iter v0.1.46
    Checking encoding_rs v0.8.35
    Checking fastrand v2.5.0
    Checking aws-smithy-http-client v1.3.0
    Checking adler2 v2.0.1
    Checking simd-adler32 v0.3.10
    Checking hex v0.4.3
    Checking downcast-rs v2.0.2
    Checking winnow v0.7.15
    Checking aws-sigv4 v1.5.1
    Checking aws-smithy-runtime v1.13.1
    Checking diesel v2.3.12
    Checking miniz_oxide v0.8.9
    Checking tonic v0.14.6
    Checking toml v0.9.12+spec-1.1.0
    Checking curve25519-dalek v4.1.3
    Checking num-bigint-dig v0.8.6
    Checking polyval v0.7.3
    Checking arc-swap v1.9.2
   Compiling nullnet-grpc-lib v0.1.0 (/root/nullnet-prepared-20260928/members/nullnet-grpc-lib)
    Checking aws-types v1.5.0
    Checking hyper-tls v0.6.0
    Checking inotify-sys v0.1.8
    Checking crc32fast v1.5.0
    Checking ed25519 v2.2.3
    Checking prost v0.14.4
    Checking pkcs1 v0.7.5
    Checking chacha20 v0.10.1
    Checking yasna v0.6.0
    Checking uuid v1.24.1
    Checking ipnetwork v0.21.1
    Checking iana-time-zone v0.1.65
    Checking xmlparser v0.13.6
    Checking chrono v0.4.45
    Checking rcgen v0.14.9
    Checking aws-smithy-xml v0.62.0
    Checking aws-runtime v1.9.1
    Checking maxminddb v0.27.3
    Checking tonic-prost v0.14.6
    Checking rand v0.10.2
    Checking rsa v0.9.10
    Checking ed25519-dalek v2.2.0
    Checking flate2 v1.1.9
    Checking inotify v0.11.5
    Checking nix v0.31.3
    Checking reqwest v0.12.28
    Checking ghash v0.6.0
    Checking cookie v0.18.2
    Checking fs-err v3.3.1
    Checking migrations_internals v2.3.0
    Checking oid-registry v0.8.1
    Checking p256 v0.13.2
    Checking p384 v0.13.1
    Checking ctr v0.10.1
    Checking aes v0.9.2
    Checking der-parser v10.0.0
    Checking simple_asn1 v0.6.4
    Checking rust-embed-utils v8.12.0
    Checking aead v0.6.1
    Checking aws-smithy-json v0.63.0
    Checking sha1 v0.11.0
    Checking notify-types v2.1.0
    Checking password-hash v0.5.0
    Checking blake2 v0.10.6
    Checking toml_datetime v1.1.1+spec-1.1.0
    Checking futures-executor v0.3.34
    Checking nullnet-liberror v0.1.1
    Checking unicase v2.9.0
    Checking regex-lite v0.1.9
    Checking base32 v0.5.1
    Checking constant_time_eq v0.4.2
    Checking data-encoding v2.11.1
   Compiling nullnet-server v0.1.0 (/root/nullnet-prepared-20260928/members/nullnet-server)
    Checking toml_writer v1.1.2+spec-1.1.0
    Checking x509-parser v0.18.1
    Checking aws-sdk-route53 v1.119.0
    Checking toml v1.1.4+spec-1.1.0
    Checking totp-rs v6.0.0
    Checking mime_guess v2.0.5
    Checking futures v0.3.34
    Checking nullnet-libipinfo v0.2.1
    Checking argon2 v0.5.3
    Checking notify v8.2.0
    Checking aes-gcm v0.11.0
    Checking jsonwebtoken v11.0.0
    Checking rust-embed v8.12.0
    Checking axum-server v0.8.0
    Checking diesel-async v0.9.2
    Checking diesel_migrations v2.3.2
    Checking ctrlc v3.5.2
    Checking axum-extra v0.12.6
    Checking instant-acme v0.8.5
    Checking reqwest v0.13.4
    Checking rpn-predicate-interpreter v0.1.0 (https://github.com/GyulyVGC/postfix-predicate-interpreter.git?branch=appguard#94bc5411)
    Checking anyhow v1.0.104
    Checking quick-xml v0.41.0
    Checking nullnet-liberror v0.1.1 (https://github.com/NullNet-ai/libguard.git?branch=nullnet-liberror-print#c994965b)
    Checking base64 v0.23.1
    Finished `dev` profile [unoptimized] target(s) in 25.63s
   Compiling nullnet-server v0.1.0 (/root/nullnet-prepared-20260928/members/nullnet-server)
warning: unused `axum::Json` that must be used
   --> members/nullnet-server/src/http_server/observation.rs:538:9
    |
538 | /         stop_handler(
539 | |             admin(),
540 | |             Path(("mesh".into(), started.id)),
541 | |             State(state.clone()),
542 | |         )
543 | |         .await
544 | |         .unwrap();
    | |_________________^
    |
    = note: `#[warn(unused_must_use)]` (part of `#[warn(unused)]`) on by default
help: use `let _ = ...` to ignore the resulting value
    |
538 |         let _ = stop_handler(
    |         +++++++

warning: unused `axum::Json` that must be used
   --> members/nullnet-server/src/http_server/observation.rs:665:9
    |
665 | /         start_handler(admin(), Path("mesh".into()), State(state.clone()))
666 | |             .await
667 | |             .unwrap();
    | |_____________________^
    |
help: use `let _ = ...` to ignore the resulting value
    |
665 |         let _ = start_handler(admin(), Path("mesh".into()), State(state.clone()))
    |         +++++++

warning: `nullnet-server` (bin "nullnet-server" test) generated 2 warnings
    Finished `test` profile [unoptimized] target(s) in 15.23s
     Running unittests src/main.rs (target/debug/deps/nullnet_server-04fa542d21a4ec29)

running 269 tests
test auth::jwt::tests::garbage_token_is_rejected ... ok
test auth::jwt::tests::mfa_pending_token_round_trip ... ok
test auth::jwt::tests::access_token_round_trip ... ok
test auth::jwt::tests::mfa_pending_token_rejected_as_access_token ... ok
test auth::jwt::tests::access_token_rejected_as_mfa_pending_token ... ok
test auth::mfa_crypto::tests::round_trip ... ok
test auth::session::tests::hash_is_deterministic_and_not_the_raw_value ... ok
test auth::session::tests::tokens_are_unique ... ok
test auth::session::tests::different_tokens_hash_differently ... ok
test auth::tests::role_round_trips ... ok
test auth::tests::scope_round_trips ... ok
test auth::totp::tests::generated_secret_is_usable ... ok
test auth::totp::tests::current_code_verifies ... ok
test auth::totp::tests::provisioning_uri_contains_issuer_and_account ... ok
test auth::totp::tests::wrong_code_is_rejected ... ok
test cert::authority::tests::record_name_exact_and_wildcard ... ok
test cert::tests::optional_fields_may_be_omitted ... ok
test cert::tests::renamed_provider_tags_match ... ok
test cert::tests::serialize_round_trips_for_storage ... ok
test cert::tests::unknown_provider_is_rejected ... ok
test crypto::tests::nonce_randomizes_ciphertext ... ok
test crypto::tests::round_trip ... ok
test crypto::tests::wrong_key_fails ... ok
test cert::tests::cloudflare_round_trip ... ok
test auth::bootstrap::tests::is_idempotent_once_a_user_exists ... ok
test auth::bootstrap::tests::does_nothing_if_bootstrap_args_absent ... ok
test db::events::tests::delete_older_than_prunes_only_stale_rows ... ok
test db::events::tests::a_failed_batch_rolls_back_every_row ... ok
test db::certs::tests::put_get_list_delete_round_trip ... ok
test db::certs::tests::dns_credentials_round_trip ... ok
test db::events::tests::event_enqueue_does_not_wait_for_storage_and_shutdown_drains ... ok
test db::events::tests::pagination_cursor_walks_backwards_through_pages ... ok
test db::events::tests::insert_and_query_round_trip ... ok
test db::login_attempts::tests::clear_resets_counter ... ok
test db::login_attempts::tests::locks_out_after_threshold ... ok
test db::refresh_tokens::tests::expired_token_is_not_active ... ok
test db::refresh_tokens::tests::deleting_user_cascades_tokens ... ok
test db::refresh_tokens::tests::insert_find_revoke ... ok
test db::refresh_tokens::tests::revoke_all_for_user ... ok
test db::refresh_tokens::tests::rotate_revokes_old_and_creates_new ... ok
test db::sessions::tests::a_recycled_net_id_starts_a_new_row_beside_the_closed_one ... ok
test db::sessions::tests::a_second_open_row_for_the_same_session_is_rejected ... ok
test db::sessions::tests::active_counts_group_directions_and_exclude_other_stacks_and_closed_rows ... ok
test db::sessions::tests::blocked_filter_splits_denied_from_allowed ... ok
test db::sessions::tests::blocked_ingress_folds_into_its_burst_row ... ok
test db::sessions::tests::clients_sharing_a_net_id_are_separate_sessions ... ok
test db::sessions::tests::busiest_services_rank_only_active_rows_in_the_stack ... ok
test db::sessions::tests::close_all_open_leaves_already_closed_rows_alone ... ok
test db::sessions::tests::close_egress_edge_closes_every_destination_of_that_edge ... ok
test db::sessions::tests::open_close_and_filter_round_trip ... ok
test db::sessions::tests::pagination_cursor_walks_backwards_through_pages ... ok
test db::sessions::tests::policy_counts_follow_backfill_policy_changes_rollback_and_retention ... ok
test db::sessions::tests::policy_counts_include_closed_rows_but_exclude_backends_and_other_stacks ... ok
test db::sessions::tests::open_ingress_keys_sees_past_a_page_of_newer_history ... ok
test db::sessions::tests::retention_prunes_ended_rows_only ... ok
test db::sessions::tests::time_range_includes_every_intersection_and_pages_without_duplicates ... ok
test db::sessions::tests::touch_updates_open_row_and_fills_geo_once ... ok
test db::stacks::tests::delete_cascades_services_triggers_dependencies_and_routes ... ok
test db::stacks::tests::failed_import_rolls_back_services_and_routes_together ... ok
test db::stacks::tests::put_routes_round_trips_and_replaces ... ok
test db::stacks::tests::failed_service_replace_preserves_previous_configuration ... ok
test auth::bootstrap::tests::creates_admin_when_bootstrap_args_set ... ok
test db::stacks::tests::put_services_creates_the_stack_row_for_a_new_name ... ok
test db::stacks::tests::put_services_replaces_the_full_list ... ok
test db::tests::open_runs_migrations_and_is_reusable ... ok
test db::user_scopes::tests::deleting_user_cascades_scopes ... ok
test db::stacks::tests::put_services_round_trips_service_triggers_and_dependencies ... ok
test db::user_scopes::tests::set_and_read_scopes ... ok
test db::users::tests::create_get_list_delete_round_trip ... ok
test http_server::certificates::tests::accepts_exact_and_wildcard ... ok
test http_server::certificates::tests::rejects_traversal_and_junk ... ok
test db::users::tests::mfa_lifecycle ... ok
test db::users::tests::partial_update_only_touches_given_fields ... ok
test http_server::observation::tests::conflicting_destinations_cannot_activate_and_leave_no_observation ... ok
test http_server::observation::tests::active_observation_rejects_every_config_write_path_and_unauthorized_start ... ok
test http_server::observation::tests::concurrent_starts_are_serialized_and_stale_results_cannot_overwrite_edits ... ok
test http_server::tls::tests::bootstrap_renewal_failure_retention_and_recovery ... ok
test http_server::tls::tests::selection_prefers_exact_and_limits_wildcard_to_one_label ... ok
test http_server::tls::tests::validates_actual_san_and_dates_not_store_label ... ok
test net::tests::vlan_setup_client_and_server_addresses_differ ... ok
test net::tests::vxlan_setup_client_and_server_addresses_differ ... ok
test net_id_pool::tests::test_allocate_sequential_net_ids ... ok
test net_id_pool::tests::test_double_free_does_not_duplicate_net_id ... ok
test net_id_pool::tests::test_free_ignores_out_of_range_net_ids ... ok
test net_id_pool::tests::test_freed_id_is_not_immediately_reallocated ... ok
test net_id_pool::tests::test_generate_key_is_random_and_full_length ... ok
test net_id_pool::tests::test_net_ids_exhaustion ... ok
test net_id_pool::tests::test_reuse_freed_net_ids_oldest_first ... ok
test nullnet_grpc_impl::host_pin_tests::listen_ports_are_allowed_only_on_proxy_and_keep_explicit_ports ... ok
test http_server::observation::tests::counters_seed_open_sessions_survive_retention_and_freeze_on_stop ... ok
test nullnet_grpc_impl::host_pin_tests::pausable_report_recovers_paused_container_after_restart ... ok
test nullnet_grpc_impl::http_route_bundle_tests::backend_only_and_non_http_services_get_no_implicit_route ... ok
test nullnet_grpc_impl::http_route_bundle_tests::declares_no_routes_falls_back_to_implicit_host_route ... ok
test nullnet_grpc_impl::http_route_bundle_tests::explicit_route_for_a_host_suppresses_its_implicit_fallback ... ok
test nullnet_grpc_impl::http_route_bundle_tests::old_config_with_no_route_blocks_is_unaffected ... ok
test nullnet_grpc_impl::http_route_bundle_tests::redirect_route_converts_to_wire_redirect ... ok
test nullnet_grpc_impl::host_pin_tests::ssh_host_pins_separate_identical_listeners ... ok
test orchestrator::egress_liveness_tests::a_built_idle_edge_is_due_and_gets_reaped ... ok
test orchestrator::egress_liveness_tests::a_half_built_edge_does_not_drive_the_sleep_to_zero ... ok
test orchestrator::egress_liveness_tests::a_stale_egress_reservation_is_reclaimed_but_a_fresh_one_is_not ... ok
test http_server::observation::tests::lifecycle_keeps_saved_config_and_proxy_deps_and_applies_only_observed_backends ... ok
test nullnet_grpc_impl::proxy_presence_tests::idle_proxy_presence_survives_overlapping_streams ... ok
test orchestrator::prepared_pool::tests::disconnected_or_stale_retirement_never_releases_a_slot ... ok
test orchestrator::egress_liveness_tests::trigger_atomic_old_egress_build_cannot_promote_replacement ... ok
test auth::password::tests::same_password_hashes_differently ... ok
test orchestrator::egress_liveness_tests::trigger_atomic_failed_egress_build_cannot_remove_replacement ... ok
test orchestrator::session_history_tests::a_dead_container_closes_its_destination_rows ... ok
test orchestrator::prepared_pool::tests::restart_reserves_catalog_ids_without_advertising_them_as_idle ... ok
test orchestrator::session_history_tests::a_denied_destination_folds_into_one_already_ended_row ... ok
test orchestrator::session_history_tests::a_destination_ends_while_the_edge_keeps_carrying_the_others ... ok
test orchestrator::session_history_tests::a_node_teardown_closes_that_nodes_destination_rows ... ok
test orchestrator::session_history_tests::backend_history_late_open_cannot_overwrite_replacement ... ok
test orchestrator::session_history_tests::backend_history_tracks_independent_chains_and_generations ... ok
test orchestrator::session_history_tests::backend_history_wait_does_not_block_liveness ... ok
test orchestrator::session_history_tests::destinations_get_one_row_each_and_close_together_on_reap ... ok
test orchestrator::session_history_tests::backend_history_close_wait_does_not_block_other_generations ... ok
test orchestrator::session_history_tests::cancelled_backend_build_never_opens_history ... ok
test orchestrator::teardown_ack_tests::a_closed_connection_releases_its_pending_teardown ... ok
test orchestrator::session_history_tests::destinations_seen_during_a_reservation_are_written_at_promotion ... ok
test orchestrator::teardown_ack_tests::teardown_to_absent_endpoints_frees_immediately ... ok
test services::firewall::tests::allow_requires_all_conditions_in_a_group ... ok
test services::firewall::tests::block_matches_any_group_denies ... ok
test services::firewall::tests::dst_ip_cidr_containment ... ok
test services::firewall::tests::validate_rejects_wrong_direction_field ... ok
test services::firewall::tests::validate_uppercases_country_values ... ok
test services::input::tests::backends_resolve_declared_peer_ports_and_reject_ambiguity ... ok
test services::input::tests::declared_service_without_timeout_is_unreachable_but_keeps_triggers ... ok
test services::input::tests::detect_name_conflicts_allows_distinct_names ... ok
test services::input::tests::detect_name_conflicts_flags_cross_stack_collision ... ok
test services::input::tests::detect_name_conflicts_flags_dependency_placeholder ... ok
test services::input::tests::detect_port_conflicts_allows_same_port_different_protocol ... ok
test services::input::tests::detect_port_conflicts_flags_cross_stack_collision ... ok
test services::input::tests::detect_route_conflicts_allows_same_host_different_paths ... ok
test services::input::tests::detect_route_conflicts_flags_cross_stack_collision ... ok
test services::input::tests::export_toml_is_none_for_a_stack_that_does_not_exist ... ok
test services::input::tests::export_toml_round_trips_through_validate_stack_toml ... ok
test services::input::tests::http_protocol_with_listen_port_is_rejected ... ok
test services::input::tests::http_service_defaults_with_no_listen_port ... ok
test services::input::tests::loads_each_toml_as_its_own_stack ... ok
test services::input::tests::multi_group_filter_round_trips_through_toml_export_import ... ok
test services::input::tests::parses_explicit_and_implicit_services ... ok
test services::input::tests::parses_parallel_proxy_branches ... ok
test services::input::tests::pausable_defaults_off_and_requires_docker ... ok
test services::input::tests::preserve_path_on_a_service_route_is_rejected ... ok
test services::input::tests::preserve_query_on_a_service_route_is_rejected ... ok
test services::input::tests::redirect_route_defaults_status_to_301 ... ok
test services::input::tests::redirect_route_with_preserve_flags_parses ... ok
test services::input::tests::redirect_route_with_unsupported_status_is_rejected ... ok
test services::input::tests::route_entry_row_conversion_round_trips_both_target_kinds ... ok
test services::input::tests::route_path_defaults_to_slash ... ok
test services::input::tests::route_targeting_a_declared_http_service_parses ... ok
test services::input::tests::route_targeting_non_entry_point_service_is_rejected ... ok
test services::input::tests::route_targeting_tcp_service_is_rejected ... ok
test services::input::tests::route_targeting_undeclared_service_is_rejected ... ok
test services::input::tests::route_with_both_service_and_redirect_is_rejected ... ok
test services::input::tests::route_with_neither_service_nor_redirect_is_rejected ... ok
test services::input::tests::service_row_conversion_round_trips_every_field ... ok
test services::input::tests::stack_with_no_route_blocks_parses_with_empty_routes ... ok
test services::input::tests::strip_prefix_on_a_redirect_route_is_rejected ... ok
test services::input::tests::strip_prefix_route_parses_and_forwards_correctly ... ok
test services::input::tests::tcp_protocol_without_listen_port_is_rejected ... ok
test services::input::tests::tcp_udp_services_parse_with_listen_port ... ok
test orchestrator::teardown_ack_tests::acked_teardown_returns_the_net_id ... ok
test orchestrator::teardown_ack_tests::unacked_teardown_withholds_the_net_id ... ok
test sessions::tests::denials_from_one_peer_fold_into_a_single_ended_row ... ok
test sessions::tests::ingress_history_keeps_proxy_after_session_ends ... ok
test services::service_info::resume_tests::resume_survives_a_dropped_waiter_and_preserves_replacement_state ... ok
test services::service_info::resume_tests::failed_resume_stays_paused_and_can_retry ... ok
test auth::password::tests::round_trip ... ok
test tests::a_bailed_setup_records_no_hold ... ok
test tests::a_close_without_a_held_refcount_decrements_nothing ... ok
test tests::a_replica_lost_mid_setup_does_not_strand_its_tunnel ... ok
test db::events::tests::event_writer_retries_without_losing_events_and_reports_recovery ... ok
test tests::a_second_reap_pass_releases_nothing_more ... ok
test db::events::tests::unavailable_event_storage_does_not_block_producers ... ok
test tests::an_edge_torn_down_mid_setup_is_not_stranded ... ok
test tests::backend_multi_replica_disconnect_standalone_dep ... ok
test tests::backend_multi_replica_disconnect_swarm_host ... ok
test tests::backend_node_disconnected_backend_dep_host ... ok
test tests::backend_node_disconnected_initiator_host ... ok
test tests::an_ingress_session_opens_and_closes_a_row ... ok
test tests::backend_node_disconnected_proxy_host ... ok
test tests::backend_packets_are_released_only_after_both_setup_acks ... ok
test tests::backend_peer_does_not_expand_its_dependencies ... ok
test tests::backend_pending_history_allows_teardown_and_replacement ... ok
test tests::backend_reachability_changed_lose_entry_point_A ... ok
test tests::backend_reap_history_wait_releases_topology ... ok
test tests::backend_service_unregistered_drop_B ... ok
test tests::backend_service_unregistered_drop_a2 ... ok
test tests::backend_service_unregistered_drop_C ... ok
test tests::backend_trigger_unknown_container_errors_without_ip_fallback ... ok
test tests::backend_trigger_disambiguates_colocated_replica_by_container ... ok
test tests::bare_process_service_ships_no_trigger ... ok
test tests::backend_services_follow_pause_checkbox ... ok
test tests::backend_trigger_without_container_falls_back_to_ip_only ... ok
test tests::chains_sharing_a_hop_agree_on_the_replica_after_it ... ok
test tests::changing_backend_peer_port_releases_and_rebuilds_the_session ... ok
test tests::dep_changed_add_E_to_A ... ok
test tests::dep_changed_drop_C_from_A ... ok
test tests::dep_changed_drop_all_from_D ... ok
test tests::dep_changed_swap_C_for_E ... ok
test tests::docker_replica_suspended_on_registration ... ok
test tests::autonomous_trigger_chain_is_never_reaped_on_idle ... ok
test tests::max_networks_balances_shared_networks_under_concurrent_requests ... ok
test tests::max_networks_different_proxy_bypasses ... ok
test tests::concurrent_requests_same_client_tear_down_cleanly ... ok
test tests::max_networks_proxy_disconnect ... ok
test tests::multi_replica_b_different_ip_disconnect ... ok
test tests::multi_replica_b_same_ip_container_disconnect ... ok
test db::events::tests::event_shutdown_is_bounded_during_persistent_failure ... ok
test tests::multi_replica_comprehensive_register ... ok
test tests::mass_expiry_allows_reads_between_client_teardowns ... ok
test tests::multi_replica_first_step_container_disconnect ... ok
test tests::multi_replica_full_disconnect ... ok
test tests::multi_replica_register ... ok
test tests::multi_replica_single_container_removed ... ok
test tests::multi_replica_least_clients ... ok
test tests::multi_replica_via_services_list ... ok
test tests::multi_replica_partial_disconnect ... ok
test tests::multi_replica_sticky_session ... ok
test tests::node_disconnected_A_B ... ok
test tests::node_disconnected_C ... ok
test tests::node_hosting_no_trigger_service_gets_nothing ... ok
test tests::node_disconnected_D ... ok
test tests::node_disconnected_proxy1 ... ok
test tests::pausable_backend_source_resumes_and_stays_running_while_held ... ok
test tests::pausable_defaults_off_and_live_toggle_resumes ... ok
test tests::pausable_shared_container_requires_all_declarations_to_opt_in ... ok
test tests::pausable_shared_container_does_not_pause_during_alias_resume ... ok
test tests::pausable_survives_last_replica_disappearing ... ok
test tests::pausable_unacknowledged_policy_resume_does_not_lock_services ... ok
test tests::pausable_unacknowledged_trigger_resume_does_not_lock_services ... ok
test tests::proxy_branches_remove_A_tears_down_both ... ok
test tests::proxy_branches_setup_fans_out ... ok
test tests::proxy_request_resumes_suspended_replica ... ok
test tests::clients_sharing_a_net_id_each_close_their_own_row ... ok
test tests::proxy_timeout_A ... ok
test tests::open_connection_pins_client_past_timeout ... ok
test tests::max_networks_reuse_lifecycle ... ok
test tests::reachability_changed_unreachable_B ... ok
test tests::reachability_changed_unreachable_D ... ok
test tests::service_removed_remove_A ... ok
test tests::service_removed_remove_B ... ok
test tests::service_unregistered_drop_A ... ok
test tests::service_unregistered_drop_B ... ok
test tests::proxy_timeout_config_remove_timeout_A ... ok
test tests::service_unregistered_drop_C ... ok
test tests::service_unregistered_drop_D ... ok
test tests::stale_session_broken_chain_is_evicted_and_rebuilt ... ok
test tests::stale_session_intact_chain_is_reused ... ok
test tests::teardown_must_not_fire_for_an_unallocated_net_id ... ok
test tests::trigger_atomic_backend_idle_during_setup_is_preserved ... ok
test tests::trigger_atomic_backend_owner_removed_during_setup_unwinds ... ok
test tests::trigger_carries_the_containers_that_own_it ... ok
test tests::trigger_atomic_concurrent_backend_claims_release_once ... ok
test tests::trigger_lists_every_colocated_replica ... ok
test tests::trigger_chain_is_released_once_its_connections_close ... ok
test tests::triggers_changed_add_A_trigger ... ok
test tests::triggers_changed_drop_D_trigger ... ok
test tests::triggers_changed_remove_A_trigger ... ok
test tests::triggers_changed_swap_A_trigger ... ok
test tests::proxy_timeout_config_tighten_B ... ok
test tests::unmatched_close_does_not_underflow ... ok
test timeout::tests::stale_expiry_candidates_preserve_renewed_connections_and_grace ... ok
test tests::proxy_timeout_A_then_B ... ok
test tests::proxy_timeout_all_at_once ... ok
test orchestrator::teardown_ack_tests::a_late_teardown_ack_keeps_the_id_reserved_until_completion ... ok
test tests::a_failed_edge_rollback_keeps_a_concurrent_holder has been running for over 60 seconds
test tests::an_abandoned_reservation_is_not_reused_by_the_next_chain has been running for over 60 seconds
test tests::a_failed_edge_rollback_keeps_a_concurrent_holder ... ok
test tests::an_abandoned_reservation_is_not_reused_by_the_next_chain ... ok

test result: ok. 269 passed; 0 failed; 0 ignored; 0 measured; 0 filtered out; finished in 61.11s

   Compiling errno v0.3.14
   Compiling mio v1.2.2
   Compiling allocator-api2 v0.2.21
   Compiling foldhash v0.2.0
   Compiling signal-hook-registry v1.4.8
   Compiling futures-macro v0.3.34
   Compiling hashbrown v0.17.1
   Compiling tokio v1.53.1
   Compiling parking_lot_core v0.9.12
   Compiling scopeguard v1.2.0
   Compiling lock_api v0.4.14
   Compiling futures-util v0.3.34
   Compiling indexmap v2.14.0
   Compiling openssl-src v300.6.1+3.6.3
   Compiling serde_derive v1.0.229
   Compiling syn v1.0.109
   Compiling darling_core v0.20.11
   Compiling openssl-sys v0.9.117
   Compiling parking_lot v0.12.5
   Compiling num-traits v0.2.19
   Compiling getrandom v0.3.4
   Compiling prost-derive v0.14.4
   Compiling darling_macro v0.20.11
   Compiling tokio-util v0.7.19
   Compiling h2 v0.4.19
   Compiling zstd-sys v2.0.16+zstd.1.5.7
   Compiling serde_core v1.0.229
   Compiling darling v0.20.11
   Compiling generic-array v0.14.9
   Compiling rand v0.8.7
   Compiling derive_builder_core v0.20.2
   Compiling tokio-stream v0.1.19
   Compiling thread_local v1.1.10
   Compiling zstd-safe v7.2.4
   Compiling crossbeam-utils v0.8.22
   Compiling typenum v1.20.1
   Compiling object v0.37.3
   Compiling openssl v0.10.81
   Compiling utf8parse v0.2.2
   Compiling anstyle-parse v1.0.0
   Compiling prost v0.14.4
   Compiling serde v1.0.229
   Compiling derive_builder_macro v0.20.2
   Compiling trackable_derive v1.0.0
   Compiling memoffset v0.6.5
   Compiling libz-ng-sys v1.1.29
   Compiling aho-corasick v1.1.5
   Compiling openssl-macros v0.1.1
   Compiling thiserror v1.0.69
   Compiling arrayvec v0.7.8
   Compiling gimli v0.32.3
   Compiling anstyle v1.0.14
   Compiling protobuf v2.28.0
   Compiling tokio-openssl v0.6.5
   Compiling rust_decimal v1.42.1
   Compiling anstyle-query v1.1.5
   Compiling alloc-no-stdlib v2.0.4
   Compiling colorchoice v1.0.5
   Compiling regex-syntax v0.8.11
   Compiling byteorder v1.5.0
   Compiling is_terminal_polyfill v1.70.2
   Compiling anstream v1.0.0
   Compiling addr2line v0.25.1
   Compiling alloc-stdlib v0.2.4
   Compiling miniz_oxide v0.8.9
   Compiling regex-automata v0.4.18
   Compiling trackable v1.3.0
   Compiling neli-proc-macros v0.2.2
   Compiling derive_builder v0.20.2
   Compiling prost-types v0.14.4
   Compiling hyper v1.11.0
   Compiling rand_core v0.9.5
   Compiling ahash v0.8.12
   Compiling hashbrown v0.16.1
   Compiling thiserror-impl v1.0.69
   Compiling getset v0.1.7
   Compiling prometheus v0.13.4
   Compiling clap_lex v1.1.0
   Compiling pingora-error v0.8.1
   Compiling rustc-demangle v0.1.28
   Compiling neli v0.7.4
   Compiling backtrace v0.3.76
   Compiling pingora-http v0.8.1
   Compiling clap_builder v4.6.6
   Compiling prost-build v0.14.4
   Compiling lru v0.16.4
   Compiling rand_chacha v0.9.0
   Compiling hyper-util v0.1.20
   Compiling crossbeam-queue v0.3.13
   Compiling zstd v0.13.3
   Compiling brotli-decompressor v2.5.1
   Compiling tower v0.5.3
   Compiling strum_macros v0.26.4
   Compiling block-buffer v0.10.4
   Compiling crypto-common v0.1.6
   Compiling pingora-timeout v0.8.1
   Compiling futures-executor v0.3.34
   Compiling petgraph v0.7.1
   Compiling clap_derive v4.6.4
   Compiling indexmap v1.9.3
   Compiling lazy_static v1.5.0
   Compiling bitflags v1.3.2
   Compiling unsafe-libyaml v0.2.11
   Compiling daggy v0.8.1
   Compiling nix v0.24.3
   Compiling serde_yaml v0.9.34+deprecated
   Compiling clap v4.6.6
   Compiling axum v0.8.9
   Compiling strum v0.26.3
   Compiling futures v0.3.34
   Compiling pingora-pool v0.8.1
   Compiling digest v0.10.7
   Compiling flate2 v1.1.9
   Compiling tonic-prost-build v0.14.6
   Compiling brotli v3.5.0
   Compiling sfv v0.10.4
   Compiling hyper-timeout v0.5.2
   Compiling tokio-rustls v0.26.4
   Compiling rand v0.9.5
   Compiling local-ip-address v0.6.13
   Compiling cf-rustracing v1.2.1
   Compiling thrift_codec v0.3.2
   Compiling bstr v1.13.1
   Compiling regex v1.13.1
   Compiling pingora-runtime v0.8.1
   Compiling tokio-test v0.4.5
   Compiling chrono v0.4.45
   Compiling rmp v0.8.15
   Compiling derivative v2.2.0
   Compiling hostname v0.4.2
   Compiling daemonize v0.5.0
   Compiling hashbrown v0.12.3
   Compiling openssl-probe v0.1.6
   Compiling cf-rustracing-jaeger v1.2.2
   Compiling rmp-serde v1.3.1
   Compiling tonic v0.14.6
   Compiling nullnet-grpc-lib v0.1.0 (/root/nullnet-prepared-20260928/members/nullnet-grpc-lib)
   Compiling blake2 v0.10.6
   Compiling pingora-header-serde v0.8.1
   Compiling pingora-lru v0.8.1
   Compiling tonic-prost v0.14.6
   Compiling pingora-openssl v0.8.1
   Compiling pingora-core v0.8.1
   Compiling pingora-cache v0.8.1
   Compiling pingora-proxy v0.8.1
   Compiling nullnet-proxy v0.1.0 (/root/nullnet-prepared-20260928/members/nullnet-proxy)
    Finished `dev` profile [unoptimized] target(s) in 54.78s
    Checking errno v0.3.14
    Checking mio v1.2.2
    Checking allocator-api2 v0.2.21
    Checking foldhash v0.2.0
    Checking signal-hook-registry v1.4.8
    Checking futures-util v0.3.34
    Checking scopeguard v1.2.0
    Checking lock_api v0.4.14
    Checking tokio v1.53.1
    Checking hashbrown v0.17.1
    Checking parking_lot_core v0.9.12
    Checking parking_lot v0.12.5
    Checking num-traits v0.2.19
    Checking indexmap v2.14.0
    Checking getrandom v0.3.4
    Checking rand v0.8.7
    Checking thread_local v1.1.10
    Checking utf8parse v0.2.2
    Checking typenum v1.20.1
    Checking anstyle-parse v1.0.0
    Checking zstd-sys v2.0.16+zstd.1.5.7
    Checking openssl-sys v0.9.117
    Checking generic-array v0.14.9
    Checking aho-corasick v1.1.5
    Checking arrayvec v0.7.8
    Checking byteorder v1.5.0
    Checking anstyle v1.0.14
    Checking anstyle-query v1.1.5
    Checking gimli v0.32.3
    Checking is_terminal_polyfill v1.70.2
    Checking alloc-no-stdlib v2.0.4
    Checking regex-syntax v0.8.11
    Checking colorchoice v1.0.5
    Checking anstream v1.0.0
    Checking miniz_oxide v0.8.9
    Checking alloc-stdlib v0.2.4
    Checking openssl v0.10.81
    Checking tokio-util v0.7.19
    Checking h2 v0.4.19
    Checking tokio-stream v0.1.19
    Checking regex-automata v0.4.18
    Checking addr2line v0.25.1
    Checking trackable v1.3.0
    Checking zstd-safe v7.2.4
    Checking derive_builder v0.20.2
    Checking crossbeam-utils v0.8.22
    Checking object v0.37.3
    Checking rand_core v0.9.5
    Checking serde v1.0.229
    Checking hyper v1.11.0
    Checking hashbrown v0.16.1
    Checking pingora-error v0.8.1
    Checking clap_lex v1.1.0
    Checking fixedbitset v0.5.7
    Checking rustc-demangle v0.1.28
    Checking strsim v0.11.1
    Checking clap_builder v4.6.6
    Checking lru v0.16.4
    Checking petgraph v0.7.1
    Checking hyper-util v0.1.20
    Checking pingora-http v0.8.1
    Checking backtrace v0.3.76
    Checking thiserror v1.0.69
    Checking neli v0.7.4
    Checking rand_chacha v0.9.0
    Checking tokio-openssl v0.6.5
    Checking crossbeam-queue v0.3.13
    Checking zstd v0.13.3
    Checking memoffset v0.6.5
    Checking libz-ng-sys v1.1.29
    Checking tower v0.5.3
    Checking pingora-timeout v0.8.1
    Checking rust_decimal v1.42.1
    Checking brotli-decompressor v2.5.1
    Checking protobuf v2.28.0
    Checking block-buffer v0.10.4
    Checking crypto-common v0.1.6
    Checking futures-executor v0.3.34
    Checking lazy_static v1.5.0
    Checking unsafe-libyaml v0.2.11
    Checking bitflags v1.3.2
    Checking nix v0.24.3
    Checking serde_yaml v0.9.34+deprecated
    Checking local-ip-address v0.6.13
    Checking futures v0.3.34
    Checking axum v0.8.9
    Checking clap v4.6.6
    Checking strum v0.26.3
    Checking digest v0.10.7
    Checking prometheus v0.13.4
    Checking brotli v3.5.0
    Checking flate2 v1.1.9
    Checking sfv v0.10.4
    Checking tokio-rustls v0.26.4
    Checking pingora-pool v0.8.1
    Checking cf-rustracing v1.2.1
    Checking pingora-openssl v0.8.1
    Checking rand v0.9.5
    Checking ahash v0.8.12
    Checking hyper-timeout v0.5.2
    Checking daggy v0.8.1
    Checking regex v1.13.1
    Checking bstr v1.13.1
    Checking thrift_codec v0.3.2
    Checking tokio-test v0.4.5
    Checking pingora-runtime v0.8.1
    Checking rmp v0.8.15
    Checking chrono v0.4.45
    Checking hostname v0.4.2
    Checking daemonize v0.5.0
    Checking hashbrown v0.12.3
    Checking openssl-probe v0.1.6
    Checking cf-rustracing-jaeger v1.2.2
    Checking rmp-serde v1.3.1
    Checking tonic v0.14.6
    Checking indexmap v1.9.3
    Checking blake2 v0.10.6
    Checking pingora-core v0.8.1
   Compiling nullnet-grpc-lib v0.1.0 (/root/nullnet-prepared-20260928/members/nullnet-grpc-lib)
    Checking pingora-header-serde v0.8.1
    Checking pingora-lru v0.8.1
    Checking prost v0.14.4
    Checking tonic-prost v0.14.6
    Checking pingora-cache v0.8.1
    Checking pingora-proxy v0.8.1
    Checking nullnet-proxy v0.1.0 (/root/nullnet-prepared-20260928/members/nullnet-proxy)
    Finished `dev` profile [unoptimized] target(s) in 10.48s
   Compiling nullnet-proxy v0.1.0 (/root/nullnet-prepared-20260928/members/nullnet-proxy)
    Finished `test` profile [unoptimized] target(s) in 0.81s
     Running unittests src/main.rs (target/debug/deps/nullnet_proxy-2dee3d431bbc7bd6)

running 38 tests
test hsts::tests::removes_backend_policy_on_http_or_when_disabled ... ok
test routes::tests::longest_prefix_wins ... ok
test routes::tests::strip_prefix_on_catch_all_keeps_leading_slash ... ok
test routes::tests::no_catch_all_yields_not_found ... ok
test routes::tests::strip_prefix_removes_matched_prefix_from_forward_path ... ok
test routes::tests::strip_prefix_on_exact_match_forwards_root ... ok
test routes::tests::preserving_redirect_carries_suffix_and_flags ... ok
test hsts::tests::replaces_backend_policy_on_https_success_redirect_and_error ... ok
test tests::forwarded_headers_are_set_from_ingress_connection ... ok
test tests::forwarded_host_absent_when_ingress_host_unknown ... ok
test tests::forwarded_headers_overwrite_client_supplied_values ... ok
test tests::forwarded_proto_is_http_when_not_tls ... ok
test routes::tests::redirect_target_resolves ... ok
test routes::tests::unknown_host_falls_back ... ok
test tests::redirect_includes_non_default_https_port ... ok
test tests::redirect_preserves_path_and_query ... ok
test tests::redirect_strips_port_and_targets_443 ... ok
test tests::redirect_target_absolute_url_used_verbatim_by_default ... ok
test tests::redirect_target_preserve_path_and_query_together ... ok
test tests::redirect_target_preserve_path_appends_matched_suffix ... ok
test tests::redirect_target_preserve_path_no_op_on_exact_match ... ok
test tests::redirect_target_preserve_query_absent_when_request_has_none ... ok
test tests::redirect_target_preserve_query_appends_request_query ... ok
test tests::redirect_target_preserve_query_merges_with_configured_query ... ok
test tests::redirect_target_relative_path_uses_request_host_and_scheme ... ok
test tests::redirect_with_missing_host_yields_empty_authority ... ok
test tests::rewrite_uri_path_preserves_query_string ... ok
test tests::rewrite_uri_path_without_query ... ok
test tls::tests::name_matches_exact_and_case_insensitive ... ok
test tls::tests::name_matches_wildcard_single_label_only ... ok
test tls::tests::wildcard_cert_covers_subdomain_but_not_apex ... ok
test tls::tests::store_get_resolves_wildcard ... ok
test tls::tests::rejects_domain_mismatch ... ok
test tls::tests::accepts_valid_exact_cert ... ok
test tls::tests::rejects_expired_cert ... ok
test tls::tests::rejects_not_yet_valid_cert ... ok
test tls::tests::from_bundle_splits_valid_and_invalid ... ok
test tls::tests::rejects_key_mismatch ... ok

test result: ok. 38 passed; 0 failed; 0 ignored; 0 measured; 0 filtered out; finished in 0.11s


> ui@0.0.0 test
> node --test tests/*.test.mjs

TAP version 13
# (node:125458) ExperimentalWarning: The MockTimers API is an experimental feature and might change at any time
# (Use `node --trace-warnings ...` to show where the warning was created)
# Subtest: slow requests complete before another poll starts
ok 1 - slow requests complete before another poll starts
  ---
  duration_ms: 2.141032
  ...
# Subtest: stopping cancels an in-flight request and prevents another poll
ok 2 - stopping cancels an in-flight request and prevents another poll
  ---
  duration_ms: 0.352893
  ...
# Subtest: stopping cancels a scheduled poll
ok 3 - stopping cancels a scheduled poll
  ---
  duration_ms: 0.260453
  ...
# Subtest: without an interval the request runs once
ok 4 - without an interval the request runs once
  ---
  duration_ms: 0.306859
  ...
# Subtest: manual refresh cancels the old request and remains awaitable
ok 5 - manual refresh cancels the old request and remains awaitable
  ---
  duration_ms: 0.583911
  ...
# Subtest: an empty historical range retains configured services without live edges
ok 6 - an empty historical range retains configured services without live edges
  ---
  duration_ms: 1.642419
  ...
# Subtest: historical sessions add removed services without dropping idle current services
ok 7 - historical sessions add removed services without dropping idle current services
  ---
  duration_ms: 0.282553
  ...
1..7
# tests 7
# suites 0
# pass 7
# fail 0
# cancelled 0
# skipped 0
# todo 0
# duration_ms 484.912647
   Compiling syn v3.0.3
   Compiling clap_derive v4.6.4
   Compiling clap v4.6.6
   Compiling xtask v0.1.0 (/root/nullnet-prepared-20260928/xtask)
    Finished `dev` profile [unoptimized] target(s) in 1.78s
     Running `target/debug/xtask build`
   Compiling proc-macro2 v1.0.101
   Compiling unicode-ident v1.0.18
   Compiling serde_core v1.0.229
   Compiling zmij v1.0.23
   Compiling serde_json v1.0.151
   Compiling libc v0.2.189
   Compiling serde v1.0.229
   Compiling camino v1.2.5
   Compiling thiserror v2.0.20
   Compiling memchr v2.8.3
   Compiling quote v1.0.40
   Compiling itoa v1.0.18
   Compiling anyhow v1.0.104
   Compiling syn v3.0.3
   Compiling compiler_builtins v0.1.160 (/home/debian/.rustup/toolchains/nightly-x86_64-unknown-linux-gnu/lib/rustlib/src/rust/library/compiler-builtins/compiler-builtins)
   Compiling semver v1.0.28
   Compiling cargo-platform v0.3.3
   Compiling rustc_version v0.4.1
   Compiling which v8.0.5
   Compiling rustversion v1.0.22
   Compiling serde_derive v1.0.229
   Compiling thiserror-impl v2.0.20
   Compiling version_check v0.9.5
   Compiling proc-macro2-diagnostics v0.10.1
   Compiling autocfg v1.5.0
   Compiling memoffset v0.9.1
   Compiling syn v2.0.106
   Compiling network-types v0.1.0 (https://github.com/vadorovsky/network-types?rev=b78424c#b78424c5)
   Compiling cargo_metadata v0.23.1
   Compiling aya-build v0.2.0
   Compiling aya-ebpf-macros v0.2.0
   Compiling aya-ebpf-cty v0.3.0
   Compiling aya-ebpf-bindings v0.2.0
   Compiling aya-ebpf v0.2.1
   Compiling nullnet-ebpf v0.1.0 (/root/nullnet-prepared-20260928/ebpf)
    Finished `dev` profile [optimized] target(s) in 5.50s
   Compiling tokio v1.53.1
   Compiling futures-io v0.3.34
   Compiling log v0.4.33
   Compiling hashbrown v0.17.1
   Compiling getrandom v0.4.3
   Compiling futures-util v0.3.34
   Compiling crypto-common v0.2.2
   Compiling indexmap v2.14.0
   Compiling thiserror-impl v2.0.20
   Compiling memoffset v0.9.1
   Compiling paste v1.0.15
   Compiling crossbeam-utils v0.8.22
   Compiling nix v0.30.1
   Compiling parking v2.2.1
   Compiling crc32fast v1.5.0
   Compiling event-listener v5.4.2
   Compiling thiserror v2.0.20
   Compiling rustls v0.23.43
   Compiling object v0.39.1
   Compiling zerocopy v0.8.56
   Compiling concurrent-queue v2.5.0
   Compiling netlink-packet-core v0.8.2
   Compiling event-listener-strategy v0.5.4
   Compiling universal-hash v0.6.1
   Compiling cipher v0.5.2
   Compiling nix v0.31.3
   Compiling zerocopy-derive v0.8.56
   Compiling tokio-util v0.7.19
   Compiling tokio-stream v0.1.19
   Compiling tokio-rustls v0.26.4
   Compiling h2 v0.4.19
   Compiling tower v0.5.3
   Compiling serde v1.0.229
   Compiling netlink-packet-core v0.9.0
   Compiling fastrand v2.5.0
   Compiling piper v0.2.5
   Compiling axum v0.8.9
   Compiling netlink-sys v0.9.0
   Compiling hyper v1.11.0
   Compiling polyval v0.7.3
   Compiling netlink-packet-route v0.25.1
   Compiling async-channel v2.5.0
   Compiling hyper-util v0.1.20
   Compiling netlink-sys v0.8.8
   Compiling network-interface v2.0.5
   Compiling futures-lite v2.6.1
   Compiling listeners v0.6.1
   Compiling tun-rs v2.8.8
   Compiling hyper-timeout v0.5.2
   Compiling async-task v4.7.1
   Compiling tonic v0.14.6
   Compiling digest v0.11.3
   Compiling blocking v1.6.2
   Compiling aya-obj v0.3.0
   Compiling netlink-packet-route v0.33.0
   Compiling netconfig-rs v0.1.6
   Compiling tonic-prost v0.14.6
   Compiling ghash v0.6.0
   Compiling netlink-proto v0.13.0
   Compiling aes v0.9.2
   Compiling ctr v0.10.1
   Compiling futures-executor v0.3.34
   Compiling aead v0.6.1
   Compiling getifaddrs v0.6.2
   Compiling arrayvec v0.7.8
   Compiling assert_matches v1.5.0
   Compiling aya v0.14.0
   Compiling etherparse v0.21.0
   Compiling aes-gcm v0.11.0
   Compiling futures v0.3.34
   Compiling nullnet-grpc-lib v0.1.0 (/root/nullnet-prepared-20260928/members/nullnet-grpc-lib)
   Compiling ipnetwork v0.21.1
   Compiling sha2 v0.11.0
   Compiling nfq v0.2.5
   Compiling rtnetlink v0.23.0
   Compiling nullnet-client v0.1.0 (/root/nullnet-prepared-20260928/members/nullnet-client)
    Finished `dev` profile [unoptimized] target(s) in 13.38s
    Finished `dev` profile [unoptimized] target(s) in 0.08s
     Running `target/debug/xtask lint`
    Checking tokio v1.53.1
    Checking futures-io v0.3.34
    Checking log v0.4.33
    Checking hashbrown v0.17.1
    Checking futures-util v0.3.34
    Checking getrandom v0.4.3
    Checking bitflags v2.13.1
    Checking crypto-common v0.2.2
    Checking indexmap v2.14.0
    Checking thiserror v2.0.20
    Checking memoffset v0.9.1
    Checking parking v2.2.1
    Checking event-listener v5.4.2
    Checking rustls v0.23.43
    Checking crossbeam-utils v0.8.22
    Checking netlink-packet-core v0.8.2
    Checking concurrent-queue v2.5.0
    Checking event-listener-strategy v0.5.4
    Checking nix v0.30.1
    Checking crc32fast v1.5.0
    Checking universal-hash v0.6.1
    Checking cipher v0.5.2
    Checking netlink-packet-core v0.9.0
    Checking fastrand v2.5.0
    Checking piper v0.2.5
    Checking zerocopy v0.8.56
    Checking tokio-util v0.7.19
    Checking tokio-rustls v0.26.4
    Checking tokio-stream v0.1.19
    Checking h2 v0.4.19
    Checking tower v0.5.3
    Checking netlink-sys v0.9.0
    Checking polyval v0.7.3
    Checking object v0.39.1
    Checking axum v0.8.9
    Checking hyper v1.11.0
    Checking async-channel v2.5.0
    Checking netlink-packet-route v0.25.1
    Checking hyper-util v0.1.20
    Checking netlink-sys v0.8.8
    Checking futures-lite v2.6.1
    Checking linux-raw-sys v0.12.1
    Checking async-task v4.7.1
    Checking blocking v1.6.2
    Checking rustix v1.1.4
    Checking digest v0.11.3
    Checking serde v1.0.229
    Checking hyper-timeout v0.5.2
    Checking tonic v0.14.6
    Checking aya-obj v0.3.0
    Checking netlink-packet-route v0.33.0
    Checking ghash v0.6.0
    Checking netconfig-rs v0.1.6
    Checking nix v0.31.3
    Checking netlink-proto v0.13.0
    Checking tonic-prost v0.14.6
    Checking ctr v0.10.1
    Checking aes v0.9.2
    Checking futures-executor v0.3.34
    Checking aead v0.6.1
    Checking getifaddrs v0.6.2
    Checking arrayvec v0.7.8
    Checking assert_matches v1.5.0
    Checking etherparse v0.21.0
    Checking aya v0.14.0
    Checking tun-rs v2.8.8
    Checking aes-gcm v0.11.0
    Checking futures v0.3.34
    Checking nullnet-grpc-lib v0.1.0 (/root/nullnet-prepared-20260928/members/nullnet-grpc-lib)
    Checking network-interface v2.0.5
    Checking listeners v0.6.1
    Checking ipnetwork v0.21.1
    Checking sha2 v0.11.0
    Checking nfq v0.2.5
    Checking rtnetlink v0.23.0
    Checking nullnet-client v0.1.0 (/root/nullnet-prepared-20260928/members/nullnet-client)
    Finished `dev` profile [unoptimized] target(s) in 9.04s
    Checking aya-ebpf-cty v0.3.0
    Checking memoffset v0.9.1
    Checking aya-ebpf-bindings v0.2.0
    Checking network-types v0.1.0 (https://github.com/vadorovsky/network-types?rev=b78424c#b78424c5)
    Checking aya-ebpf v0.2.1
    Checking nullnet-ebpf v0.1.0 (/root/nullnet-prepared-20260928/ebpf)
    Finished `dev` profile [optimized] target(s) in 0.54s
   Compiling nullnet-client v0.1.0 (/root/nullnet-prepared-20260928/members/nullnet-client)
    Finished `test` profile [unoptimized] target(s) in 2.31s
     Running unittests src/main.rs (target/debug/deps/nullnet_client-a2e384ee784d42a2)

running 106 tests
test commands::egress::purge_tests::empty_output_yields_nothing ... ok
test commands::dnat::tests::scoped_by_source_like_the_rule ... ok
test commands::egress::purge_tests::cross_host_forwarding_rules_preserve_existing_scope ... ok
test commands::egress::purge_tests::local_forwarding_excludes_internal_traffic_and_unsolicited_replies ... ok
test commands::egress::purge_tests::local_cleanup_is_scoped_to_tagged_edge_and_preserves_other_rules ... ok
test commands::dnat::tests::unspecified_source_stays_unscoped ... ok
test commands::egress::purge_tests::net_ids_come_from_our_table_range_only ... ok
test commands::egress::tests::private_and_special_ranges_are_internal ... ok
test commands::egress::purge_tests::snat_rules_scoped_to_overlay_bridges ... ok
test commands::egress::tests::public_addresses_are_external ... ok
test commands::vxlan::kernel_tests::kernel_lifecycle ... ignored, requires root in an isolated network and mount namespace
test commands::native_xfrm::tests::both_hosts_derive_the_same_directional_identity ... ok
test commands::netlink::ownership_tests::startup_preserves_docker_and_unrelated_veths ... ok
test commands::vxlan::tests::veth_mac_is_locally_administered_and_side_scoped ... ok
test commands::vxlan::tests::veth_mac_matches_vxlan_setup_shs_printf_derivation ... ok
test commands::native_netlink::tests::attributes_preserve_alignment_and_nested_flags ... ok
test commands::xfrm_tests::empty_output_yields_nothing ... ok
test commands::xfrm_tests::states_scoped_to_our_spi_range ... ok
test conntrack::tests::a_dnat_flush_does_not_report_a_trigger_chain_idle ... ok
test commands::xfrm_tests::policies_carry_their_selector_and_direction ... ok
test commands::xfrm_tests::orphan_namespace_cleanup_is_scoped_to_nullnet_names ... ok
test conntrack::tests::concurrent_flows_to_one_destination_finish_it_only_once ... ok
test conntrack::tests::concurrent_flows_to_one_host_do_not_collapse ... ok
test conntrack::tests::conntrack_line_parses_the_original_tuple_not_the_reply ... ok
test conntrack::tests::conntrack_line_parses_udp_and_skips_other_protocols ... ok
test conntrack::tests::live_destroy_event_parses_to_the_real_tuple ... ignored, needs root, network, and up to ~30s of conntrack timeout
test conntrack::tests::live_dump_flows_sees_a_real_connection ... ignored, needs root and network
test conntrack::tests::empty_dump_during_suppression_is_not_idle ... ok
test conntrack::tests::duplicate_insert_is_idempotent ... ok
test conntrack::tests::new_flow_clears_suppression ... ok
test conntrack::tests::one_destination_finishes_while_the_owner_stays_active ... ok
test conntrack::tests::reconcile_on_an_untracked_owner_reports_nothing ... ok
test commands::egress::purge_tests::steerable_matches_what_install_steer_accepts ... ok
test conntrack::tests::reconcile_repairs_destinations_in_both_directions ... ok
test conntrack::tests::owners_are_independent ... ok
test conntrack::tests::suppressed_owner_never_reports_idle ... ok
test conntrack::tests::reconcile_from_a_dump_restores_the_exact_flow_set ... ok
test conntrack::tests::suppression_expires_and_idle_is_reported_again ... ok
test conntrack::tests::trigger_ports_on_one_container_are_independent ... ok
test conntrack::tests::reconcile_to_empty_reports_idle ... ok
test control_channel::failure_tests::failed_kernel_teardown_is_not_acknowledged ... ignored, requires root, nnreview0 dummy interface, and the lab TLS server
test conntrack::tests::unknown_flow_destroy_is_ignored ... ok
test container_report_tests::reports_pause_state_for_standalone_and_swarm ... ok
test control_channel::leases::tests::delayed_commands_cannot_mutate_a_reused_or_retired_lease ... ok
test control_channel::leases::reuse_tests::destruction_retains_the_watermark_across_endpoint_role_changes ... ok
test crypto::tests::open_vlan_id_rejects_short_datagrams ... ok
test crypto::tests::seal_plain_then_open_round_trips_vlan_id_and_frame_untransformed ... ok
test control_channel::lifecycle::tests::orders_one_tunnel_without_blocking_another_and_releases_state ... ok
test crypto::tests::truncated_data_fails_without_panicking ... ok
test crypto::tests::nonce_randomizes_ciphertext ... ok
test crypto::tests::seal_then_open_round_trips_vlan_id_and_plaintext ... ok
test crypto::tests::round_trip ... ok
test host_mappings::edit_tests::a_failed_read_writes_nothing ... ok
test crypto::tests::wrong_key_fails ... ok
test host_mappings::edit_tests::reports_no_change_and_leaves_the_file_alone ... ok
test host_mappings::tests::strips_only_marked_lines ... ok
test host_mappings::edit_tests::writes_in_place_and_reports_the_change ... ok
test host_mappings::tests::leaves_unmarked_content_untouched ... ok
test nfqueue::cache::tests::container_index_extracts_name_and_sandbox_prefix ... ok
test host_mappings::tests::teardown_waits_for_publication_and_prevents_late_republication ... ok
test nfqueue::cache::tests::container_index_handles_multiple_lines ... ok
test nfqueue::cache::tests::container_index_skips_empty_name ... ok
test nfqueue::cache::tests::container_index_skips_short_sandbox ... ok
test nfqueue::cache::tests::network_endpoints_parses_basic ... ok
test nfqueue::cache::tests::docker_refresh_preserves_overlay_liveness_addresses ... ok
test host_mappings::tests::slow_publication_does_not_block_unrelated_tunnels ... ok
test nfqueue::cache::tests::network_endpoints_skips_blanks_and_empty_fields ... ok
test nfqueue::cache::tests::container_index_skips_malformed_lines ... ok
test nfqueue::cache::tests::rebuild_tracks_the_new_address_without_retaining_the_old_one ... ok
test nfqueue::cache::tests::resolve_direct_match_wins ... ok
test nfqueue::cache::tests::resolve_direct_match_wins_even_when_name_looks_like_gateway ... ok
test nfqueue::cache::tests::resolve_gateway_ingress_sbox_skipped ... ok
test nfqueue::cache::tests::resolve_gateway_prefix_with_sandbox_match ... ok
test nfqueue::cache::tests::replace_and_get_round_trip ... ok
test nfqueue::cache::tests::resolve_gateway_unknown_sandbox_skipped ... ok
test nfqueue::cache::tests::resolve_lb_endpoint_skipped ... ok
test nfqueue::cache::tests::resolve_unknown_name_skipped ... ok
test nfqueue::cache::tests::same_host_teardown_keeps_the_other_endpoint_and_docker_address ... ok
test nfqueue::cache::tests::strip_cidr_garbage_returns_none ... ok
test nfqueue::cache::tests::strip_cidr_with_mask ... ok
test nfqueue::cache::tests::strip_cidr_without_mask ... ok
test nfqueue::listener::tests::every_replica_of_the_declaring_service_owns_it ... ok
test nfqueue::listener::tests::foreign_container_on_a_watched_port_is_not_attributed ... ok
test nfqueue::listener::tests::scoped_owner_wins_over_legacy_catch_all ... ok
test nfqueue::listener::tests::container_less_owner_matches_anything ... ok
test nfqueue::listener::tests::two_services_can_share_a_port ... ok
test nfqueue::listener::tests::unwatched_port_is_a_miss ... ok
test triggers::tests::atomic_claim_elects_one_sender_and_preserves_active ... ok
test nfqueue::parse::tests::rejects_too_short ... ok
test nfqueue::parse::tests::rejects_unknown_protocol ... ok
test nfqueue::parse::tests::extracts_udp ... ok
test triggers::tests::concurrent_pending_share_notify ... ok
test nfqueue::parse::tests::extracts_tcp ... ok
test nfqueue::parse::tests::rejects_non_ipv4 ... ok
test triggers::tests::distinct_containers_are_independent ... ok
test triggers::tests::enabled_notified_wakes_on_subsequent_mark_active ... ok
test triggers::tests::old_failure_cannot_forget_replacement ... ok
test triggers::tests::forget_pending_drops_pending_entry ... ok
test triggers::tests::installed_trigger_waits_for_both_endpoints ... ok
test triggers::tests::forget_pending_keeps_an_active_entry ... ok
test triggers::tests::peek_returns_unspecified_when_absent ... ok
test triggers::tests::prepared_steering_survives_rpc_failure_and_is_cleaned_before_activation ... ok
test triggers::tests::remove_by_vxlan_returns_container_port_and_ip ... ok
test triggers::tests::pending_then_active_wakes_waiter ... ok
test commands::vxlan::tests::command_wait_yields_and_preserves_output_and_status ... ok
test triggers::tests::state_recheck_catches_mark_active_that_fired_before_enable ... ok

test result: ok. 102 passed; 0 failed; 4 ignored; 0 measured; 0 filtered out; finished in 0.06s

FULL_CI_PASSED
